{"logTime": "1221/111446", "correlationVector":"qE8X4HxVYvUoPA+dESVX81.2","action":"Commit Response", "result":"Success", "context":Result: Success. cV=qE8X4HxVYvUoPA+dESVX81.0;server=akswtt003000014;cloudType=Consumer;environment=Prod_eastasia_prod-s01-034-apac-eastasia;migrationStage=NotStarted}
{"logTime": "1221/111610", "correlationVector":"HYfbyOJVhHqMGZWDxHuXZq","action":"Commit Request", "result":"", "context":Item count: 1
Contributing types: Sessions}
{"logTime": "1221/111611", "correlationVector":"HYfbyOJVhHqMGZWDxHuXZq.1","action":"SyncServerConnectionManagerRequest", "result":"SYNC_SERVER_OK", "context":{"environment":"Prod_eastasia_prod-s01-034-apac-eastasia", "migrationStage":"NotStarted", "server":"akswtt00300004w"}}
{"logTime": "1221/111611", "correlationVector":"HYfbyOJVhHqMGZWDxHuXZq.2","action":"Commit Response", "result":"Success", "context":Result: Success. cV=HYfbyOJVhHqMGZWDxHuXZq.0;server=akswtt00300004w;cloudType=Consumer;environment=Prod_eastasia_prod-s01-034-apac-eastasia;migrationStage=NotStarted}
{"logTime": "1221/112552", "correlationVector":"SKqDyjH3OAEnQeoBAqxKc0","action":"Normal GetUpdate request", "result":"", "context":cV=SKqDyjH3OAEnQeoBAqxKc0
Notified types: Typed URLs}
{"logTime": "1221/112552", "correlationVector":"SKqDyjH3OAEnQeoBAqxKc0.1","action":"SyncServerConnectionManagerRequest", "result":"SYNC_SERVER_OK", "context":{"environment":"Prod_eastasia_prod-s01-034-apac-eastasia", "migrationStage":"NotStarted", "server":"akswtt00300003q"}}
{"logTime": "1221/112552", "correlationVector":"SKqDyjH3OAEnQeoBAqxKc0.2","action":"GetUpdates", "result":"DeleteReceived", "context":{"id":"210ce02f-87dd-44b1-9fc2-d31e1746e8f8", "isDeleted:":"true", "version":"1734780140611"}}
{"logTime": "1221/112552", "correlationVector":"SKqDyjH3OAEnQeoBAqxKc0.3","action":"GetUpdates Response", "result":"Success", "context":Received 6 update(s). cV=SKqDyjH3OAEnQeoBAqxKc0.0;server=akswtt00300003q;cloudType=Consumer;environment=Prod_eastasia_prod-s01-034-apac-eastasia;migrationStage=NotStarted}
{"logTime": "1221/112729", "correlationVector":"o5/2dA7NfCJvSL14O3aDjT","action":"Commit Request", "result":"", "context":Item count: 1
Contributing types: Sessions}
{"logTime": "1221/112729", "correlationVector":"o5/2dA7NfCJvSL14O3aDjT.1","action":"SyncServerConnectionManagerRequest", "result":"SYNC_SERVER_OK", "context":{"environment":"Prod_eastasia_prod-s01-034-apac-eastasia", "migrationStage":"NotStarted", "server":"akswtt00300002a"}}
{"logTime": "1221/112729", "correlationVector":"o5/2dA7NfCJvSL14O3aDjT.2","action":"Commit Response", "result":"Success", "context":Result: Success. cV=o5/2dA7NfCJvSL14O3aDjT.0;server=akswtt00300002a;cloudType=Consumer;environment=Prod_eastasia_prod-s01-034-apac-eastasia;migrationStage=NotStarted}
{"logTime": "1221/112945", "correlationVector":"AHJpa8jVtrT/k3h+zvLT01.1","action":"SyncServerConnectionManagerRequest", "result":"SYNC_SERVER_OK", "context":{"environment":"Prod_eastasia_prod-s01-034-apac-eastasia", "migrationStage":"NotStarted", "server":"akswtt00300000e"}}
{"logTime": "1221/112946", "correlationVector":"F+7hCsT/O9/xVNkScupdhn","action":"SyncServerConnectionManagerRequest", "result":"SYNC_SERVER_OK", "context":{"environment":"", "migrationStage":"", "server":""}}
{"logTime": "1221/112946", "correlationVector":"AHJpa8jVtrT/k3h+zvLT01","action":"Initial GetUpdates", "result":"", "context":Reason: NEW_CLIENT. cV=AHJpa8jVtrT/k3h+zvLT01}
{"logTime": "1221/112946", "correlationVector":"AHJpa8jVtrT/k3h+zvLT01.2","action":"GetUpdates Response", "result":"Success", "context":Received 1 update(s). cV=AHJpa8jVtrT/k3h+zvLT01.0;server=akswtt00300000e;cloudType=Consumer;environment=Prod_eastasia_prod-s01-034-apac-eastasia;migrationStage=NotStarted}
{"logTime": "1221/112946", "correlationVector":"K4DhFPiit4C5GAvMNgGOzN","action":"Initial GetUpdates", "result":"", "context":Reason: NEWLY_SUPPORTED_DATATYPE. cV=K4DhFPiit4C5GAvMNgGOzN}
{"logTime": "1221/112947", "correlationVector":"K4DhFPiit4C5GAvMNgGOzN.1","action":"SyncServerConnectionManagerRequest", "result":"SYNC_SERVER_OK", "context":{"environment":"Prod_eastasia_prod-s01-034-apac-eastasia", "migrationStage":"NotStarted", "server":"akswtt00300002s"}}
{"logTime": "1221/112947", "correlationVector":"K4DhFPiit4C5GAvMNgGOzN.2","action":"GetUpdates", "result":"DeleteReceived", "context":{"id":"14df038a-523d-4858-9f2a-ef65c1a53ea5", "isDeleted:":"true", "version":"1708239150426"}}
{"logTime": "1221/112947", "correlationVector":"K4DhFPiit4C5GAvMNgGOzN.3","action":"GetUpdates", "result":"DeleteReceived", "context":{"id":"5361cec9-43b5-4dbd-bd77-0c6532400454", "isDeleted:":"true", "version":"1708242616571"}}
{"logTime": "1221/112947", "correlationVector":"K4DhFPiit4C5GAvMNgGOzN.4","action":"GetUpdates", "result":"DeleteReceived", "context":{"id":"18a3fd0f-c462-467f-844c-0d06278af882", "isDeleted:":"true", "version":"1710683053628"}}
{"logTime": "1221/112947", "correlationVector":"K4DhFPiit4C5GAvMNgGOzN.5","action":"GetUpdates", "result":"DeleteReceived", "context":{"id":"3fed3669-808d-4ca6-8e5e-71db69267668", "isDeleted:":"true", "version":"1711596929970"}}
{"logTime": "1221/112947", "correlationVector":"K4DhFPiit4C5GAvMNgGOzN.6","action":"GetUpdates", "result":"DeleteReceived", "context":{"id":"4b062166-af56-4796-ab91-1f7cf1eb2dea", "isDeleted:":"true", "version":"1714401369883"}}
{"logTime": "1221/112947", "correlationVector":"K4DhFPiit4C5GAvMNgGOzN.7","action":"GetUpdates", "result":"DeleteReceived", "context":{"id":"2d4500d6-f9b9-4da3-ae91-6ba11b259f30", "isDeleted:":"true", "version":"1715050498884"}}
{"logTime": "1221/112947", "correlationVector":"K4DhFPiit4C5GAvMNgGOzN.8","action":"GetUpdates", "result":"DeleteReceived", "context":{"id":"5b0add5b-1b87-44ad-b36f-f0b68642597a", "isDeleted:":"true", "version":"1723439863709"}}
{"logTime": "1221/112947", "correlationVector":"K4DhFPiit4C5GAvMNgGOzN.9","action":"GetUpdates", "result":"DeleteReceived", "context":{"id":"960f0e3e-bab3-4657-9b67-d6e1a504ac1f", "isDeleted:":"true", "version":"1723808148788"}}
{"logTime": "1221/112947", "correlationVector":"K4DhFPiit4C5GAvMNgGOzN.10","action":"GetUpdates", "result":"DeleteReceived", "context":{"id":"81340e03-d344-4fda-bbad-1a0aaa5c1084", "isDeleted:":"true", "version":"1724077142055"}}
{"logTime": "1221/112947", "correlationVector":"K4DhFPiit4C5GAvMNgGOzN.11","action":"GetUpdates", "result":"DeleteReceived", "context":{"id":"97d06ec3-9601-46d7-b071-3c411b9c9cb4", "isDeleted:":"true", "version":"1725899102691"}}
{"logTime": "1221/112947", "correlationVector":"K4DhFPiit4C5GAvMNgGOzN.12","action":"GetUpdates Response", "result":"Success", "context":Received 127 update(s). cV=K4DhFPiit4C5GAvMNgGOzN.0;server=akswtt00300002s;cloudType=Consumer;environment=Prod_eastasia_prod-s01-034-apac-eastasia;migrationStage=NotStarted}
{"logTime": "1221/112947", "correlationVector":"HzCt3oTbzMKFypX7OzaDeA","action":"Normal GetUpdate request", "result":"", "context":cV=HzCt3oTbzMKFypX7OzaDeA
Nudged types: Sessions
Refresh requested types: Bookmarks, Preferences, Passwords, Autofill Profiles, Autofill, Typed URLs, Extensions, Sessions, Extension settings, History Delete Directives, Device Info, User Consents, Send Tab To Self, Web Apps, Collection, Edge E Drop, Edge Hub App Usage, Edge Tab Group, Edge Wallet, Encryption Keys}
{"logTime": "1221/112948", "correlationVector":"HzCt3oTbzMKFypX7OzaDeA.1","action":"SyncServerConnectionManagerRequest", "result":"SYNC_SERVER_OK", "context":{"environment":"Prod_eastasia_prod-s01-034-apac-eastasia", "migrationStage":"NotStarted", "server":"akswtt00300001i"}}
{"logTime": "1221/112948", "correlationVector":"HzCt3oTbzMKFypX7OzaDeA.2","action":"GetUpdates Response", "result":"Success", "context":Received 6 update(s). cV=HzCt3oTbzMKFypX7OzaDeA.0;server=akswtt00300001i;cloudType=Consumer;environment=Prod_eastasia_prod-s01-034-apac-eastasia;migrationStage=NotStarted}
{"logTime": "1221/112948", "correlationVector":"VC/UguUrOx9xNHjJDVQPbs","action":"Commit Request", "result":"", "context":Item count: 3
Contributing types: Sessions}
{"logTime": "1221/112949", "correlationVector":"VC/UguUrOx9xNHjJDVQPbs.1","action":"SyncServerConnectionManagerRequest", "result":"SYNC_SERVER_OK", "context":{"environment":"Prod_eastasia_prod-s01-034-apac-eastasia", "migrationStage":"NotStarted", "server":"akswtt00300000e"}}
{"logTime": "1221/112949", "correlationVector":"VC/UguUrOx9xNHjJDVQPbs.2","action":"Commit Response", "result":"Success", "context":Result: Success. cV=VC/UguUrOx9xNHjJDVQPbs.0;server=akswtt00300000e;cloudType=Consumer;environment=Prod_eastasia_prod-s01-034-apac-eastasia;migrationStage=NotStarted}
{"logTime": "1221/113002", "correlationVector":"kzrkRasZYBdLAlvObbn8Mr","action":"Commit Request", "result":"", "context":Item count: 3
Contributing types: Preferences, Sessions}
{"logTime": "1221/113003", "correlationVector":"kzrkRasZYBdLAlvObbn8Mr.1","action":"SyncServerConnectionManagerRequest", "result":"SYNC_SERVER_OK", "context":{"environment":"Prod_eastasia_prod-s01-034-apac-eastasia", "migrationStage":"NotStarted", "server":"akswtt00300002s"}}
{"logTime": "1221/113003", "correlationVector":"kzrkRasZYBdLAlvObbn8Mr.2","action":"Commit Response", "result":"Success", "context":Result: Success. cV=kzrkRasZYBdLAlvObbn8Mr.0;server=akswtt00300002s;cloudType=Consumer;environment=Prod_eastasia_prod-s01-034-apac-eastasia;migrationStage=NotStarted}
{"logTime": "1221/113003", "correlationVector":"kzrkRasZYBdLAlvObbn8Mr.3","action":"Commit.Sessions", "result":"Success", "context":{"id":"70454383-c53a-4100-bea1-f65365ab0312", "isDeleted":"true", "size":"0", "version":"1734780612693"}}
{"logTime": "1221/113037", "correlationVector":"HADCE0DHq1kNz0r6W5ONOI","action":"Commit Request", "result":"", "context":Item count: 1
Contributing types: Sessions}
{"logTime": "1221/113037", "correlationVector":"HADCE0DHq1kNz0r6W5ONOI.1","action":"SyncServerConnectionManagerRequest", "result":"SYNC_SERVER_OK", "context":{"environment":"Prod_eastasia_prod-s01-034-apac-eastasia", "migrationStage":"NotStarted", "server":"akswtt00300001y"}}
{"logTime": "1221/113037", "correlationVector":"HADCE0DHq1kNz0r6W5ONOI.2","action":"Commit Response", "result":"Success", "context":Result: Success. cV=HADCE0DHq1kNz0r6W5ONOI.0;server=akswtt00300001y;cloudType=Consumer;environment=Prod_eastasia_prod-s01-034-apac-eastasia;migrationStage=NotStarted}
{"logTime": "1221/113404", "correlationVector":"21l+ES6pO5QEEUbx2Y/AYr","action":"Normal GetUpdate request", "result":"", "context":cV=21l+ES6pO5QEEUbx2Y/AYr
Notified types: Bookmarks}
{"logTime": "1221/113404", "correlationVector":"21l+ES6pO5QEEUbx2Y/AYr.1","action":"SyncServerConnectionManagerRequest", "result":"SYNC_SERVER_OK", "context":{"environment":"Prod_eastasia_prod-s01-034-apac-eastasia", "migrationStage":"NotStarted", "server":"akswtt00300004y"}}
{"logTime": "1221/113404", "correlationVector":"21l+ES6pO5QEEUbx2Y/AYr.2","action":"GetUpdates", "result":"DeleteReceived", "context":{"id":"70454383-c53a-4100-bea1-f65365ab0312", "isDeleted:":"true", "version":"1734780627397"}}
{"logTime": "1221/113404", "correlationVector":"21l+ES6pO5QEEUbx2Y/AYr.3","action":"GetUpdates Response", "result":"Success", "context":Received 8 update(s). cV=21l+ES6pO5QEEUbx2Y/AYr.0;server=akswtt00300004y;cloudType=Consumer;environment=Prod_eastasia_prod-s01-034-apac-eastasia;migrationStage=NotStarted}
{"logTime": "1221/114334", "correlationVector":"rrFJjxkex6mHKcnLuLd2Js.1","action":"SyncServerConnectionManagerRequest", "result":"SYNC_SERVER_OK", "context":{"environment":"Prod_eastasia_prod-s01-034-apac-eastasia", "migrationStage":"NotStarted", "server":"akswtt003000002"}}
{"logTime": "1221/114335", "correlationVector":"XmxYbn1+PjQ92u7JAee4Ge","action":"SyncServerConnectionManagerRequest", "result":"SYNC_SERVER_OK", "context":{"environment":"", "migrationStage":"", "server":""}}
{"logTime": "1221/114335", "correlationVector":"rrFJjxkex6mHKcnLuLd2Js","action":"Initial GetUpdates", "result":"", "context":Reason: NEW_CLIENT. cV=rrFJjxkex6mHKcnLuLd2Js}
{"logTime": "1221/114335", "correlationVector":"rrFJjxkex6mHKcnLuLd2Js.2","action":"GetUpdates Response", "result":"Success", "context":Received 1 update(s). cV=rrFJjxkex6mHKcnLuLd2Js.0;server=akswtt003000002;cloudType=Consumer;environment=Prod_eastasia_prod-s01-034-apac-eastasia;migrationStage=NotStarted}
{"logTime": "1221/114335", "correlationVector":"7CHkLo5ZMzsKr45M/tvaxZ","action":"Initial GetUpdates", "result":"", "context":Reason: NEWLY_SUPPORTED_DATATYPE. cV=7CHkLo5ZMzsKr45M/tvaxZ}
{"logTime": "1221/114336", "correlationVector":"7CHkLo5ZMzsKr45M/tvaxZ.1","action":"SyncServerConnectionManagerRequest", "result":"SYNC_SERVER_OK", "context":{"environment":"Prod_eastasia_prod-s01-034-apac-eastasia", "migrationStage":"NotStarted", "server":"akswtt00300003f"}}
{"logTime": "1221/114336", "correlationVector":"7CHkLo5ZMzsKr45M/tvaxZ.2","action":"GetUpdates", "result":"DeleteReceived", "context":{"id":"14df038a-523d-4858-9f2a-ef65c1a53ea5", "isDeleted:":"true", "version":"1708239150426"}}
{"logTime": "1221/114336", "correlationVector":"7CHkLo5ZMzsKr45M/tvaxZ.3","action":"GetUpdates", "result":"DeleteReceived", "context":{"id":"5361cec9-43b5-4dbd-bd77-0c6532400454", "isDeleted:":"true", "version":"1708242616571"}}
{"logTime": "1221/114336", "correlationVector":"7CHkLo5ZMzsKr45M/tvaxZ.4","action":"GetUpdates", "result":"DeleteReceived", "context":{"id":"18a3fd0f-c462-467f-844c-0d06278af882", "isDeleted:":"true", "version":"1710683053628"}}
{"logTime": "1221/114336", "correlationVector":"7CHkLo5ZMzsKr45M/tvaxZ.5","action":"GetUpdates", "result":"DeleteReceived", "context":{"id":"3fed3669-808d-4ca6-8e5e-71db69267668", "isDeleted:":"true", "version":"1711596929970"}}
{"logTime": "1221/114336", "correlationVector":"7CHkLo5ZMzsKr45M/tvaxZ.6","action":"GetUpdates", "result":"DeleteReceived", "context":{"id":"4b062166-af56-4796-ab91-1f7cf1eb2dea", "isDeleted:":"true", "version":"1714401369883"}}
{"logTime": "1221/114336", "correlationVector":"7CHkLo5ZMzsKr45M/tvaxZ.7","action":"GetUpdates", "result":"DeleteReceived", "context":{"id":"2d4500d6-f9b9-4da3-ae91-6ba11b259f30", "isDeleted:":"true", "version":"1715050498884"}}
{"logTime": "1221/114336", "correlationVector":"7CHkLo5ZMzsKr45M/tvaxZ.8","action":"GetUpdates", "result":"DeleteReceived", "context":{"id":"5b0add5b-1b87-44ad-b36f-f0b68642597a", "isDeleted:":"true", "version":"1723439863709"}}
{"logTime": "1221/114336", "correlationVector":"7CHkLo5ZMzsKr45M/tvaxZ.9","action":"GetUpdates", "result":"DeleteReceived", "context":{"id":"960f0e3e-bab3-4657-9b67-d6e1a504ac1f", "isDeleted:":"true", "version":"1723808148788"}}
{"logTime": "1221/114336", "correlationVector":"7CHkLo5ZMzsKr45M/tvaxZ.10","action":"GetUpdates", "result":"DeleteReceived", "context":{"id":"81340e03-d344-4fda-bbad-1a0aaa5c1084", "isDeleted:":"true", "version":"1724077142055"}}
{"logTime": "1221/114336", "correlationVector":"7CHkLo5ZMzsKr45M/tvaxZ.11","action":"GetUpdates", "result":"DeleteReceived", "context":{"id":"97d06ec3-9601-46d7-b071-3c411b9c9cb4", "isDeleted:":"true", "version":"1725899102691"}}
{"logTime": "1221/114336", "correlationVector":"7CHkLo5ZMzsKr45M/tvaxZ.12","action":"GetUpdates Response", "result":"Success", "context":Received 127 update(s). cV=7CHkLo5ZMzsKr45M/tvaxZ.0;server=akswtt00300003f;cloudType=Consumer;environment=Prod_eastasia_prod-s01-034-apac-eastasia;migrationStage=NotStarted}
{"logTime": "1221/114336", "correlationVector":"THiRAMTpGLme9nkhfhVJf9","action":"Normal GetUpdate request", "result":"", "context":cV=THiRAMTpGLme9nkhfhVJf9
Nudged types: Sessions
Refresh requested types: Bookmarks, Preferences, Passwords, Autofill Profiles, Autofill, Typed URLs, Extensions, Sessions, Extension settings, History Delete Directives, Device Info, User Consents, Send Tab To Self, Web Apps, Collection, Edge E Drop, Edge Hub App Usage, Edge Tab Group, Edge Wallet, Encryption Keys}
{"logTime": "1221/114337", "correlationVector":"THiRAMTpGLme9nkhfhVJf9.1","action":"SyncServerConnectionManagerRequest", "result":"SYNC_SERVER_OK", "context":{"environment":"Prod_eastasia_prod-s01-034-apac-eastasia", "migrationStage":"NotStarted", "server":"akswtt003000002"}}
{"logTime": "1221/114337", "correlationVector":"THiRAMTpGLme9nkhfhVJf9.2","action":"GetUpdates Response", "result":"Success", "context":Received 5 update(s). cV=THiRAMTpGLme9nkhfhVJf9.0;server=akswtt003000002;cloudType=Consumer;environment=Prod_eastasia_prod-s01-034-apac-eastasia;migrationStage=NotStarted}
{"logTime": "1221/114337", "correlationVector":"qc6VdkOFxMtdIEG+ZuTVdX","action":"Commit Request", "result":"", "context":Item count: 3
Contributing types: Sessions}
{"logTime": "1221/114337", "correlationVector":"qc6VdkOFxMtdIEG+ZuTVdX.1","action":"SyncServerConnectionManagerRequest", "result":"SYNC_SERVER_OK", "context":{"environment":"Prod_eastasia_prod-s01-034-apac-eastasia", "migrationStage":"NotStarted", "server":"akswtt00300003f"}}
{"logTime": "1221/114337", "correlationVector":"qc6VdkOFxMtdIEG+ZuTVdX.2","action":"Commit Response", "result":"Success", "context":Result: Success. cV=qc6VdkOFxMtdIEG+ZuTVdX.0;server=akswtt00300003f;cloudType=Consumer;environment=Prod_eastasia_prod-s01-034-apac-eastasia;migrationStage=NotStarted}
{"logTime": "1221/114350", "correlationVector":"wmVmNX9IyHZYCKZ/9SBLaI","action":"Commit Request", "result":"", "context":Item count: 3
Contributing types: Preferences, Sessions}
{"logTime": "1221/114351", "correlationVector":"wmVmNX9IyHZYCKZ/9SBLaI.1","action":"SyncServerConnectionManagerRequest", "result":"SYNC_SERVER_OK", "context":{"environment":"Prod_eastasia_prod-s01-034-apac-eastasia", "migrationStage":"NotStarted", "server":"akswtt00300000d"}}
{"logTime": "1221/114351", "correlationVector":"wmVmNX9IyHZYCKZ/9SBLaI.2","action":"Commit Response", "result":"Success", "context":Result: Success. cV=wmVmNX9IyHZYCKZ/9SBLaI.0;server=akswtt00300000d;cloudType=Consumer;environment=Prod_eastasia_prod-s01-034-apac-eastasia;migrationStage=NotStarted}
{"logTime": "1221/114351", "correlationVector":"wmVmNX9IyHZYCKZ/9SBLaI.3","action":"Commit.Sessions", "result":"Success", "context":{"id":"c67f8563-b5e4-4dd4-bb53-bbf9844d9f94", "isDeleted":"true", "size":"0", "version":"1734781441399"}}
{"logTime": "1221/114523", "correlationVector":"N1cps9IW1HyE9hQm+UmHK2","action":"Commit Request", "result":"", "context":Item count: 1
Contributing types: Sessions}
{"logTime": "1221/114523", "correlationVector":"N1cps9IW1HyE9hQm+UmHK2.1","action":"SyncServerConnectionManagerRequest", "result":"SYNC_SERVER_OK", "context":{"environment":"Prod_eastasia_prod-s01-034-apac-eastasia", "migrationStage":"NotStarted", "server":"akswtt00300000z"}}
{"logTime": "1221/114523", "correlationVector":"N1cps9IW1HyE9hQm+UmHK2.2","action":"Commit Response", "result":"Success", "context":Result: Success. cV=N1cps9IW1HyE9hQm+UmHK2.0;server=akswtt00300000z;cloudType=Consumer;environment=Prod_eastasia_prod-s01-034-apac-eastasia;migrationStage=NotStarted}
{"logTime": "1221/114739", "correlationVector":"RK/0HWlmu3cLhBblFItgMC","action":"Commit Request", "result":"", "context":Item count: 1
Contributing types: Sessions}
{"logTime": "1221/114740", "correlationVector":"RK/0HWlmu3cLhBblFItgMC.1","action":"SyncServerConnectionManagerRequest", "result":"SYNC_SERVER_OK", "context":{"environment":"Prod_eastasia_prod-s01-034-apac-eastasia", "migrationStage":"NotStarted", "server":"akswtt003000010"}}
{"logTime": "1221/114740", "correlationVector":"RK/0HWlmu3cLhBblFItgMC.2","action":"Commit Response", "result":"Success", "context":Result: Success. cV=RK/0HWlmu3cLhBblFItgMC.0;server=akswtt003000010;cloudType=Consumer;environment=Prod_eastasia_prod-s01-034-apac-eastasia;migrationStage=NotStarted}
{"logTime": "1221/114834", "correlationVector":"6wIBErhe2Rzyq7FW1hn8B7","action":"Normal GetUpdate request", "result":"", "context":cV=6wIBErhe2Rzyq7FW1hn8B7
Refresh requested types: Bookmarks, Preferences, Passwords, Autofill Profiles, Autofill, Typed URLs, Extensions, Sessions, Extension settings, History Delete Directives, Device Info, User Consents, Send Tab To Self, Web Apps, Collection, Edge E Drop, Edge Hub App Usage, Edge Tab Group, Edge Wallet, Encryption Keys}
{"logTime": "1221/114835", "correlationVector":"6wIBErhe2Rzyq7FW1hn8B7.1","action":"SyncServerConnectionManagerRequest", "result":"SYNC_SERVER_OK", "context":{"environment":"Prod_eastasia_prod-s01-034-apac-eastasia", "migrationStage":"NotStarted", "server":"akswtt00300003j"}}
{"logTime": "1221/114835", "correlationVector":"6wIBErhe2Rzyq7FW1hn8B7.2","action":"GetUpdates", "result":"DeleteReceived", "context":{"id":"c67f8563-b5e4-4dd4-bb53-bbf9844d9f94", "isDeleted:":"true", "version":"1734781455251"}}
{"logTime": "1221/114835", "correlationVector":"6wIBErhe2Rzyq7FW1hn8B7.3","action":"GetUpdates Response", "result":"Success", "context":Received 8 update(s). cV=6wIBErhe2Rzyq7FW1hn8B7.0;server=akswtt00300003j;cloudType=Consumer;environment=Prod_eastasia_prod-s01-034-apac-eastasia;migrationStage=NotStarted}
{"logTime": "1221/114933", "correlationVector":"eAbsuRxjNu6CKaRIcN3UWv","action":"Commit Request", "result":"", "context":Item count: 1
Contributing types: Sessions}
{"logTime": "1221/114933", "correlationVector":"eAbsuRxjNu6CKaRIcN3UWv.1","action":"SyncServerConnectionManagerRequest", "result":"SYNC_SERVER_OK", "context":{"environment":"Prod_eastasia_prod-s01-034-apac-eastasia", "migrationStage":"NotStarted", "server":"akswtt00300001o"}}
{"logTime": "1221/114933", "correlationVector":"eAbsuRxjNu6CKaRIcN3UWv.2","action":"Commit Response", "result":"Success", "context":Result: Success. cV=eAbsuRxjNu6CKaRIcN3UWv.0;server=akswtt00300001o;cloudType=Consumer;environment=Prod_eastasia_prod-s01-034-apac-eastasia;migrationStage=NotStarted}
{"logTime": "1221/115046", "correlationVector":"poejzFvEWKfriXAiCShybC","action":"Normal GetUpdate request", "result":"", "context":cV=poejzFvEWKfriXAiCShybC
Notified types: Typed URLs}
{"logTime": "1221/115046", "correlationVector":"poejzFvEWKfriXAiCShybC.1","action":"SyncServerConnectionManagerRequest", "result":"SYNC_SERVER_OK", "context":{"environment":"Prod_eastasia_prod-s01-034-apac-eastasia", "migrationStage":"NotStarted", "server":"akswtt00300003n"}}
{"logTime": "1221/115046", "correlationVector":"poejzFvEWKfriXAiCShybC.2","action":"GetUpdates Response", "result":"Success", "context":Received 5 update(s). cV=poejzFvEWKfriXAiCShybC.0;server=akswtt00300003n;cloudType=Consumer;environment=Prod_eastasia_prod-s01-034-apac-eastasia;migrationStage=NotStarted}
{"logTime": "1221/115152", "correlationVector":"l/5WQwpKdTZ9vc+SOmPnsY","action":"Commit Request", "result":"", "context":Item count: 1
Contributing types: Sessions}
{"logTime": "1221/115152", "correlationVector":"l/5WQwpKdTZ9vc+SOmPnsY.1","action":"SyncServerConnectionManagerRequest", "result":"SYNC_SERVER_OK", "context":{"environment":"Prod_eastasia_prod-s01-034-apac-eastasia", "migrationStage":"NotStarted", "server":"akswtt003000011"}}
{"logTime": "1221/115152", "correlationVector":"l/5WQwpKdTZ9vc+SOmPnsY.2","action":"Commit Response", "result":"Success", "context":Result: Success. cV=l/5WQwpKdTZ9vc+SOmPnsY.0;server=akswtt003000011;cloudType=Consumer;environment=Prod_eastasia_prod-s01-034-apac-eastasia;migrationStage=NotStarted}
{"logTime": "1221/120454", "correlationVector":"nBLy3FbMkGf6mpSPHOyl+i","action":"Commit Request", "result":"", "context":Item count: 1
Contributing types: Sessions}
{"logTime": "1221/120454", "correlationVector":"nBLy3FbMkGf6mpSPHOyl+i.1","action":"SyncServerConnectionManagerRequest", "result":"SYNC_SERVER_OK", "context":{"environment":"Prod_eastasia_prod-s01-034-apac-eastasia", "migrationStage":"NotStarted", "server":"akswtt00300004y"}}
{"logTime": "1221/120454", "correlationVector":"nBLy3FbMkGf6mpSPHOyl+i.2","action":"Commit Response", "result":"Success", "context":Result: Success. cV=nBLy3FbMkGf6mpSPHOyl+i.0;server=akswtt00300004y;cloudType=Consumer;environment=Prod_eastasia_prod-s01-034-apac-eastasia;migrationStage=NotStarted}
{"logTime": "1221/120911", "correlationVector":"H358Y/sF7wt7k7zMEno+GP","action":"Commit Request", "result":"", "context":Item count: 1
Contributing types: Sessions}
{"logTime": "1221/120912", "correlationVector":"H358Y/sF7wt7k7zMEno+GP.1","action":"SyncServerConnectionManagerRequest", "result":"SYNC_SERVER_OK", "context":{"environment":"Prod_eastasia_prod-s01-034-apac-eastasia", "migrationStage":"NotStarted", "server":"akswtt00300001y"}}
{"logTime": "1221/120912", "correlationVector":"H358Y/sF7wt7k7zMEno+GP.2","action":"Commit Response", "result":"Success", "context":Result: Success. cV=H358Y/sF7wt7k7zMEno+GP.0;server=akswtt00300001y;cloudType=Consumer;environment=Prod_eastasia_prod-s01-034-apac-eastasia;migrationStage=NotStarted}
{"logTime": "1221/121415", "correlationVector":"l77ZFYNywC8iQver0j9uKU","action":"Commit Request", "result":"", "context":Item count: 1
Contributing types: Sessions}
{"logTime": "1221/121415", "correlationVector":"l77ZFYNywC8iQver0j9uKU.1","action":"SyncServerConnectionManagerRequest", "result":"SYNC_SERVER_OK", "context":{"environment":"Prod_eastasia_prod-s01-034-apac-eastasia", "migrationStage":"NotStarted", "server":"akswtt00300001m"}}
{"logTime": "1221/121415", "correlationVector":"l77ZFYNywC8iQver0j9uKU.2","action":"Commit Response", "result":"Success", "context":Result: Success. cV=l77ZFYNywC8iQver0j9uKU.0;server=akswtt00300001m;cloudType=Consumer;environment=Prod_eastasia_prod-s01-034-apac-eastasia;migrationStage=NotStarted}
{"logTime": "1221/121454", "correlationVector":"6ijdN/1BnVotLg0bf6Yb+V","action":"Commit Request", "result":"", "context":Item count: 1
Contributing types: Sessions}
{"logTime": "1221/121455", "correlationVector":"6ijdN/1BnVotLg0bf6Yb+V.1","action":"SyncServerConnectionManagerRequest", "result":"SYNC_SERVER_OK", "context":{"environment":"Prod_eastasia_prod-s01-034-apac-eastasia", "migrationStage":"NotStarted", "server":"akswtt00300002u"}}
{"logTime": "1221/121455", "correlationVector":"6ijdN/1BnVotLg0bf6Yb+V.2","action":"Commit Response", "result":"Success", "context":Result: Success. cV=6ijdN/1BnVotLg0bf6Yb+V.0;server=akswtt00300002u;cloudType=Consumer;environment=Prod_eastasia_prod-s01-034-apac-eastasia;migrationStage=NotStarted}
{"logTime": "1221/121833", "correlationVector":"4lAp1TI3VTyH4gBJGy3Tj3","action":"Normal GetUpdate request", "result":"", "context":cV=4lAp1TI3VTyH4gBJGy3Tj3
Notified types: Typed URLs}
{"logTime": "1221/121833", "correlationVector":"4lAp1TI3VTyH4gBJGy3Tj3.1","action":"SyncServerConnectionManagerRequest", "result":"SYNC_SERVER_OK", "context":{"environment":"Prod_eastasia_prod-s01-034-apac-eastasia", "migrationStage":"NotStarted", "server":"akswtt00300005q"}}
{"logTime": "1221/121833", "correlationVector":"4lAp1TI3VTyH4gBJGy3Tj3.2","action":"GetUpdates Response", "result":"Success", "context":Received 5 update(s). cV=4lAp1TI3VTyH4gBJGy3Tj3.0;server=akswtt00300005q;cloudType=Consumer;environment=Prod_eastasia_prod-s01-034-apac-eastasia;migrationStage=NotStarted}
{"logTime": "1221/122356", "correlationVector":"s6cztPUWmJaL3+27mNrAKq","action":"Normal GetUpdate request", "result":"", "context":cV=s6cztPUWmJaL3+27mNrAKq
Notified types: Typed URLs}
{"logTime": "1221/122357", "correlationVector":"s6cztPUWmJaL3+27mNrAKq.1","action":"SyncServerConnectionManagerRequest", "result":"SYNC_SERVER_OK", "context":{"environment":"Prod_eastasia_prod-s01-034-apac-eastasia", "migrationStage":"NotStarted", "server":"akswtt003000014"}}
{"logTime": "1221/122357", "correlationVector":"s6cztPUWmJaL3+27mNrAKq.2","action":"GetUpdates Response", "result":"Success", "context":Received 8 update(s). cV=s6cztPUWmJaL3+27mNrAKq.0;server=akswtt003000014;cloudType=Consumer;environment=Prod_eastasia_prod-s01-034-apac-eastasia;migrationStage=NotStarted}
{"logTime": "1221/122428", "correlationVector":"udyBVxfN98FvhHgcqO/1kU","action":"Normal GetUpdate request", "result":"", "context":cV=udyBVxfN98FvhHgcqO/1kU
Notified types: Typed URLs}
{"logTime": "1221/122428", "correlationVector":"udyBVxfN98FvhHgcqO/1kU.1","action":"SyncServerConnectionManagerRequest", "result":"SYNC_SERVER_OK", "context":{"environment":"Prod_eastasia_prod-s01-034-apac-eastasia", "migrationStage":"NotStarted", "server":"akswtt00300002n"}}
{"logTime": "1221/122428", "correlationVector":"udyBVxfN98FvhHgcqO/1kU.2","action":"GetUpdates Response", "result":"Success", "context":Received 5 update(s). cV=udyBVxfN98FvhHgcqO/1kU.0;server=akswtt00300002n;cloudType=Consumer;environment=Prod_eastasia_prod-s01-034-apac-eastasia;migrationStage=NotStarted}
{"logTime": "1221/122613", "correlationVector":"R9fiwbj35+vk29wxl8Y5Nd","action":"Commit Request", "result":"", "context":Item count: 1
Contributing types: Sessions}
{"logTime": "1221/122614", "correlationVector":"R9fiwbj35+vk29wxl8Y5Nd.1","action":"SyncServerConnectionManagerRequest", "result":"SYNC_SERVER_OK", "context":{"environment":"Prod_eastasia_prod-s01-034-apac-eastasia", "migrationStage":"NotStarted", "server":"akswtt003000026"}}
{"logTime": "1221/122614", "correlationVector":"R9fiwbj35+vk29wxl8Y5Nd.2","action":"Commit Response", "result":"Success", "context":Result: Success. cV=R9fiwbj35+vk29wxl8Y5Nd.0;server=akswtt003000026;cloudType=Consumer;environment=Prod_eastasia_prod-s01-034-apac-eastasia;migrationStage=NotStarted}
{"logTime": "1221/122750", "correlationVector":"C2YKCkYr60DVkTXYl49r78","action":"Commit Request", "result":"", "context":Item count: 1
Contributing types: Sessions}
{"logTime": "1221/122750", "correlationVector":"C2YKCkYr60DVkTXYl49r78.1","action":"SyncServerConnectionManagerRequest", "result":"SYNC_SERVER_OK", "context":{"environment":"Prod_eastasia_prod-s01-034-apac-eastasia", "migrationStage":"NotStarted", "server":"akswtt00300000o"}}
{"logTime": "1221/122750", "correlationVector":"C2YKCkYr60DVkTXYl49r78.2","action":"Commit Response", "result":"Success", "context":Result: Success. cV=C2YKCkYr60DVkTXYl49r78.0;server=akswtt00300000o;cloudType=Consumer;environment=Prod_eastasia_prod-s01-034-apac-eastasia;migrationStage=NotStarted}
{"logTime": "1221/122843", "correlationVector":"7LxAJNcEdXVTLk12VGfmTj","action":"Commit Request", "result":"", "context":Item count: 1
Contributing types: Sessions}
{"logTime": "1221/122843", "correlationVector":"7LxAJNcEdXVTLk12VGfmTj.1","action":"SyncServerConnectionManagerRequest", "result":"SYNC_SERVER_OK", "context":{"environment":"Prod_eastasia_prod-s01-034-apac-eastasia", "migrationStage":"NotStarted", "server":"akswtt00300000o"}}
{"logTime": "1221/122843", "correlationVector":"7LxAJNcEdXVTLk12VGfmTj.2","action":"Commit Response", "result":"Success", "context":Result: Success. cV=7LxAJNcEdXVTLk12VGfmTj.0;server=akswtt00300000o;cloudType=Consumer;environment=Prod_eastasia_prod-s01-034-apac-eastasia;migrationStage=NotStarted}
{"logTime": "1221/122852", "correlationVector":"yHi8d9s6duJqxDNriS+4GV","action":"Normal GetUpdate request", "result":"", "context":cV=yHi8d9s6duJqxDNriS+4GV
Notified types: Typed URLs}
{"logTime": "1221/122853", "correlationVector":"yHi8d9s6duJqxDNriS+4GV.1","action":"SyncServerConnectionManagerRequest", "result":"SYNC_SERVER_OK", "context":{"environment":"Prod_eastasia_prod-s01-034-apac-eastasia", "migrationStage":"NotStarted", "server":"akswtt00300002q"}}
{"logTime": "1221/122853", "correlationVector":"yHi8d9s6duJqxDNriS+4GV.2","action":"GetUpdates", "result":"DeleteReceived", "context":{"id":"bd079e42-3dd3-4b3c-921b-064033f993eb", "isDeleted:":"true", "version":"1734783921908"}}
{"logTime": "1221/122853", "correlationVector":"yHi8d9s6duJqxDNriS+4GV.3","action":"GetUpdates Response", "result":"Success", "context":Received 7 update(s). cV=yHi8d9s6duJqxDNriS+4GV.0;server=akswtt00300002q;cloudType=Consumer;environment=Prod_eastasia_prod-s01-034-apac-eastasia;migrationStage=NotStarted}
{"logTime": "1221/122937", "correlationVector":"hfhyFSD/4nF/F+biuRLB7D","action":"Commit Request", "result":"", "context":Item count: 1
Contributing types: Sessions}
{"logTime": "1221/122937", "correlationVector":"hfhyFSD/4nF/F+biuRLB7D.1","action":"SyncServerConnectionManagerRequest", "result":"SYNC_SERVER_OK", "context":{"environment":"Prod_eastasia_prod-s01-034-apac-eastasia", "migrationStage":"NotStarted", "server":"akswtt003000026"}}
{"logTime": "1221/122937", "correlationVector":"hfhyFSD/4nF/F+biuRLB7D.2","action":"Commit Response", "result":"Success", "context":Result: Success. cV=hfhyFSD/4nF/F+biuRLB7D.0;server=akswtt003000026;cloudType=Consumer;environment=Prod_eastasia_prod-s01-034-apac-eastasia;migrationStage=NotStarted}
{"logTime": "1221/123005", "correlationVector":"aEZkbLWGLaF9GDUz2XhGF2","action":"Normal GetUpdate request", "result":"", "context":cV=aEZkbLWGLaF9GDUz2XhGF2
Notified types: Bookmarks, Typed URLs}
{"logTime": "1221/123006", "correlationVector":"aEZkbLWGLaF9GDUz2XhGF2.1","action":"SyncServerConnectionManagerRequest", "result":"SYNC_SERVER_OK", "context":{"environment":"Prod_eastasia_prod-s01-034-apac-eastasia", "migrationStage":"NotStarted", "server":"akswtt003000026"}}
{"logTime": "1221/123006", "correlationVector":"aEZkbLWGLaF9GDUz2XhGF2.2","action":"GetUpdates Response", "result":"Success", "context":Received 6 update(s). cV=aEZkbLWGLaF9GDUz2XhGF2.0;server=akswtt003000026;cloudType=Consumer;environment=Prod_eastasia_prod-s01-034-apac-eastasia;migrationStage=NotStarted}
{"logTime": "1221/123008", "correlationVector":"yzSciveck7VfEaVVPzcsix","action":"Normal GetUpdate request", "result":"", "context":cV=yzSciveck7VfEaVVPzcsix
Notified types: Bookmarks, Typed URLs}
{"logTime": "1221/123009", "correlationVector":"yzSciveck7VfEaVVPzcsix.1","action":"SyncServerConnectionManagerRequest", "result":"SYNC_SERVER_OK", "context":{"environment":"Prod_eastasia_prod-s01-034-apac-eastasia", "migrationStage":"NotStarted", "server":"akswtt00300000y"}}
{"logTime": "1221/123009", "correlationVector":"yzSciveck7VfEaVVPzcsix.2","action":"GetUpdates Response", "result":"Success", "context":Received 5 update(s). cV=yzSciveck7VfEaVVPzcsix.0;server=akswtt00300000y;cloudType=Consumer;environment=Prod_eastasia_prod-s01-034-apac-eastasia;migrationStage=NotStarted}
{"logTime": "1221/123129", "correlationVector":"Q8IEKbi7ig/5CHhpYETzMy","action":"Commit Request", "result":"", "context":Item count: 1
Contributing types: Sessions}
{"logTime": "1221/123129", "correlationVector":"Q8IEKbi7ig/5CHhpYETzMy.1","action":"SyncServerConnectionManagerRequest", "result":"SYNC_SERVER_OK", "context":{"environment":"Prod_eastasia_prod-s01-034-apac-eastasia", "migrationStage":"NotStarted", "server":"akswtt003000026"}}
{"logTime": "1221/123129", "correlationVector":"Q8IEKbi7ig/5CHhpYETzMy.2","action":"Commit Response", "result":"Success", "context":Result: Success. cV=Q8IEKbi7ig/5CHhpYETzMy.0;server=akswtt003000026;cloudType=Consumer;environment=Prod_eastasia_prod-s01-034-apac-eastasia;migrationStage=NotStarted}
{"logTime": "1221/123229", "correlationVector":"E2gl6DsO1HlqCae2Lx2rkw","action":"Commit Request", "result":"", "context":Item count: 1
Contributing types: Sessions}
{"logTime": "1221/123229", "correlationVector":"E2gl6DsO1HlqCae2Lx2rkw.1","action":"SyncServerConnectionManagerRequest", "result":"SYNC_SERVER_OK", "context":{"environment":"Prod_eastasia_prod-s01-034-apac-eastasia", "migrationStage":"NotStarted", "server":"akswtt00300002x"}}
{"logTime": "1221/123229", "correlationVector":"E2gl6DsO1HlqCae2Lx2rkw.2","action":"Commit Response", "result":"Success", "context":Result: Success. cV=E2gl6DsO1HlqCae2Lx2rkw.0;server=akswtt00300002x;cloudType=Consumer;environment=Prod_eastasia_prod-s01-034-apac-eastasia;migrationStage=NotStarted}
{"logTime": "1221/123237", "correlationVector":"6CE5+Q/UfmijWxBzzsWg4J","action":"Normal GetUpdate request", "result":"", "context":cV=6CE5+Q/UfmijWxBzzsWg4J
Notified types: Bookmarks, Typed URLs}
{"logTime": "1221/123237", "correlationVector":"6CE5+Q/UfmijWxBzzsWg4J.1","action":"SyncServerConnectionManagerRequest", "result":"SYNC_SERVER_OK", "context":{"environment":"Prod_eastasia_prod-s01-034-apac-eastasia", "migrationStage":"NotStarted", "server":"akswtt00300002v"}}
{"logTime": "1221/123237", "correlationVector":"6CE5+Q/UfmijWxBzzsWg4J.2","action":"GetUpdates Response", "result":"Success", "context":Received 6 update(s). cV=6CE5+Q/UfmijWxBzzsWg4J.0;server=akswtt00300002v;cloudType=Consumer;environment=Prod_eastasia_prod-s01-034-apac-eastasia;migrationStage=NotStarted}
{"logTime": "1221/123308", "correlationVector":"aMZJyRTVGJzJrHz8f7zii0","action":"Normal GetUpdate request", "result":"", "context":cV=aMZJyRTVGJzJrHz8f7zii0
Nudged types: Sessions
Notified types: Typed URLs}
{"logTime": "1221/123308", "correlationVector":"aMZJyRTVGJzJrHz8f7zii0.1","action":"SyncServerConnectionManagerRequest", "result":"SYNC_SERVER_OK", "context":{"environment":"Prod_eastasia_prod-s01-034-apac-eastasia", "migrationStage":"NotStarted", "server":"akswtt00300000v"}}
{"logTime": "1221/123308", "correlationVector":"aMZJyRTVGJzJrHz8f7zii0.2","action":"GetUpdates Response", "result":"Success", "context":Received 3 update(s). cV=aMZJyRTVGJzJrHz8f7zii0.0;server=akswtt00300000v;cloudType=Consumer;environment=Prod_eastasia_prod-s01-034-apac-eastasia;migrationStage=NotStarted}
{"logTime": "1221/123308", "correlationVector":"t8NUSvrHcBvW1mLGFDC2lN","action":"Commit Request", "result":"", "context":Item count: 1
Contributing types: Sessions}
{"logTime": "1221/123308", "correlationVector":"t8NUSvrHcBvW1mLGFDC2lN.1","action":"SyncServerConnectionManagerRequest", "result":"SYNC_SERVER_OK", "context":{"environment":"Prod_eastasia_prod-s01-034-apac-eastasia", "migrationStage":"NotStarted", "server":"akswtt00300005r"}}
{"logTime": "1221/123308", "correlationVector":"t8NUSvrHcBvW1mLGFDC2lN.2","action":"Commit Response", "result":"Success", "context":Result: Success. cV=t8NUSvrHcBvW1mLGFDC2lN.0;server=akswtt00300005r;cloudType=Consumer;environment=Prod_eastasia_prod-s01-034-apac-eastasia;migrationStage=NotStarted}
{"logTime": "1221/123331", "correlationVector":"FrNq3vWidTcXuve01SvaPX","action":"Normal GetUpdate request", "result":"", "context":cV=FrNq3vWidTcXuve01SvaPX
Nudged types: Sessions
Notified types: Bookmarks}
{"logTime": "1221/123332", "correlationVector":"FrNq3vWidTcXuve01SvaPX.1","action":"SyncServerConnectionManagerRequest", "result":"SYNC_SERVER_OK", "context":{"environment":"Prod_eastasia_prod-s01-034-apac-eastasia", "migrationStage":"NotStarted", "server":"akswtt00300002n"}}
{"logTime": "1221/123332", "correlationVector":"FrNq3vWidTcXuve01SvaPX.2","action":"GetUpdates Response", "result":"Success", "context":Received 3 update(s). cV=FrNq3vWidTcXuve01SvaPX.0;server=akswtt00300002n;cloudType=Consumer;environment=Prod_eastasia_prod-s01-034-apac-eastasia;migrationStage=NotStarted}
{"logTime": "1221/123426", "correlationVector":"1P6b+NNx91oDbhUHTrzi0p","action":"Commit Request", "result":"", "context":Item count: 1
Contributing types: Sessions}
{"logTime": "1221/123426", "correlationVector":"1P6b+NNx91oDbhUHTrzi0p.1","action":"SyncServerConnectionManagerRequest", "result":"SYNC_SERVER_OK", "context":{"environment":"Prod_eastasia_prod-s01-034-apac-eastasia", "migrationStage":"NotStarted", "server":"akswtt00300000v"}}
{"logTime": "1221/123426", "correlationVector":"1P6b+NNx91oDbhUHTrzi0p.2","action":"Commit Response", "result":"Success", "context":Result: Success. cV=1P6b+NNx91oDbhUHTrzi0p.0;server=akswtt00300000v;cloudType=Consumer;environment=Prod_eastasia_prod-s01-034-apac-eastasia;migrationStage=NotStarted}
{"logTime": "1221/123434", "correlationVector":"dlyqpmz+OcKoqHT6/pglxl","action":"Normal GetUpdate request", "result":"", "context":cV=dlyqpmz+OcKoqHT6/pglxl
Notified types: Bookmarks, Typed URLs}
{"logTime": "1221/123435", "correlationVector":"dlyqpmz+OcKoqHT6/pglxl.1","action":"SyncServerConnectionManagerRequest", "result":"SYNC_SERVER_OK", "context":{"environment":"Prod_eastasia_prod-s01-034-apac-eastasia", "migrationStage":"NotStarted", "server":"akswtt00300005r"}}
{"logTime": "1221/123435", "correlationVector":"dlyqpmz+OcKoqHT6/pglxl.2","action":"GetUpdates Response", "result":"Success", "context":Received 5 update(s). cV=dlyqpmz+OcKoqHT6/pglxl.0;server=akswtt00300005r;cloudType=Consumer;environment=Prod_eastasia_prod-s01-034-apac-eastasia;migrationStage=NotStarted}
{"logTime": "1221/123555", "correlationVector":"9ivU/CrNZ++3VkiShLRw/e","action":"Normal GetUpdate request", "result":"", "context":cV=9ivU/CrNZ++3VkiShLRw/e
Notified types: Bookmarks, Typed URLs}
{"logTime": "1221/123555", "correlationVector":"9ivU/CrNZ++3VkiShLRw/e.1","action":"SyncServerConnectionManagerRequest", "result":"SYNC_SERVER_OK", "context":{"environment":"Prod_eastasia_prod-s01-034-apac-eastasia", "migrationStage":"NotStarted", "server":"akswtt00300001i"}}
{"logTime": "1221/123555", "correlationVector":"9ivU/CrNZ++3VkiShLRw/e.2","action":"GetUpdates Response", "result":"Success", "context":Received 4 update(s). cV=9ivU/CrNZ++3VkiShLRw/e.0;server=akswtt00300001i;cloudType=Consumer;environment=Prod_eastasia_prod-s01-034-apac-eastasia;migrationStage=NotStarted}
{"logTime": "1221/123642", "correlationVector":"jIdJkDNAWxvFRtmFDY4N65.1","action":"SyncServerConnectionManagerRequest", "result":"SYNC_SERVER_OK", "context":{"environment":"Prod_eastasia_prod-s01-034-apac-eastasia", "migrationStage":"NotStarted", "server":"akswtt003000017"}}
{"logTime": "1221/123643", "correlationVector":"2xOkWwGqb+MSizfwenvu7Y","action":"SyncServerConnectionManagerRequest", "result":"SYNC_SERVER_OK", "context":{"environment":"", "migrationStage":"", "server":""}}
{"logTime": "1221/123643", "correlationVector":"jIdJkDNAWxvFRtmFDY4N65","action":"Initial GetUpdates", "result":"", "context":Reason: NEW_CLIENT. cV=jIdJkDNAWxvFRtmFDY4N65}
{"logTime": "1221/123643", "correlationVector":"jIdJkDNAWxvFRtmFDY4N65.2","action":"GetUpdates Response", "result":"Success", "context":Received 1 update(s). cV=jIdJkDNAWxvFRtmFDY4N65.0;server=akswtt003000017;cloudType=Consumer;environment=Prod_eastasia_prod-s01-034-apac-eastasia;migrationStage=NotStarted}
{"logTime": "1221/123643", "correlationVector":"6kfGpUHpNFABuHfUpcxKEq","action":"Initial GetUpdates", "result":"", "context":Reason: NEWLY_SUPPORTED_DATATYPE. cV=6kfGpUHpNFABuHfUpcxKEq}
{"logTime": "1221/123644", "correlationVector":"6kfGpUHpNFABuHfUpcxKEq.1","action":"SyncServerConnectionManagerRequest", "result":"SYNC_SERVER_OK", "context":{"environment":"Prod_eastasia_prod-s01-034-apac-eastasia", "migrationStage":"NotStarted", "server":"akswtt00300000n"}}
{"logTime": "1221/123644", "correlationVector":"6kfGpUHpNFABuHfUpcxKEq.2","action":"GetUpdates", "result":"DeleteReceived", "context":{"id":"14df038a-523d-4858-9f2a-ef65c1a53ea5", "isDeleted:":"true", "version":"1708239150426"}}
{"logTime": "1221/123644", "correlationVector":"6kfGpUHpNFABuHfUpcxKEq.3","action":"GetUpdates", "result":"DeleteReceived", "context":{"id":"5361cec9-43b5-4dbd-bd77-0c6532400454", "isDeleted:":"true", "version":"1708242616571"}}
{"logTime": "1221/123644", "correlationVector":"6kfGpUHpNFABuHfUpcxKEq.4","action":"GetUpdates", "result":"DeleteReceived", "context":{"id":"18a3fd0f-c462-467f-844c-0d06278af882", "isDeleted:":"true", "version":"1710683053628"}}
{"logTime": "1221/123644", "correlationVector":"6kfGpUHpNFABuHfUpcxKEq.5","action":"GetUpdates", "result":"DeleteReceived", "context":{"id":"3fed3669-808d-4ca6-8e5e-71db69267668", "isDeleted:":"true", "version":"1711596929970"}}
{"logTime": "1221/123644", "correlationVector":"6kfGpUHpNFABuHfUpcxKEq.6","action":"GetUpdates", "result":"DeleteReceived", "context":{"id":"4b062166-af56-4796-ab91-1f7cf1eb2dea", "isDeleted:":"true", "version":"1714401369883"}}
{"logTime": "1221/123644", "correlationVector":"6kfGpUHpNFABuHfUpcxKEq.7","action":"GetUpdates", "result":"DeleteReceived", "context":{"id":"2d4500d6-f9b9-4da3-ae91-6ba11b259f30", "isDeleted:":"true", "version":"1715050498884"}}
{"logTime": "1221/123644", "correlationVector":"6kfGpUHpNFABuHfUpcxKEq.8","action":"GetUpdates", "result":"DeleteReceived", "context":{"id":"5b0add5b-1b87-44ad-b36f-f0b68642597a", "isDeleted:":"true", "version":"1723439863709"}}
{"logTime": "1221/123644", "correlationVector":"6kfGpUHpNFABuHfUpcxKEq.9","action":"GetUpdates", "result":"DeleteReceived", "context":{"id":"960f0e3e-bab3-4657-9b67-d6e1a504ac1f", "isDeleted:":"true", "version":"1723808148788"}}
{"logTime": "1221/123644", "correlationVector":"6kfGpUHpNFABuHfUpcxKEq.10","action":"GetUpdates", "result":"DeleteReceived", "context":{"id":"81340e03-d344-4fda-bbad-1a0aaa5c1084", "isDeleted:":"true", "version":"1724077142055"}}
{"logTime": "1221/123644", "correlationVector":"6kfGpUHpNFABuHfUpcxKEq.11","action":"GetUpdates", "result":"DeleteReceived", "context":{"id":"97d06ec3-9601-46d7-b071-3c411b9c9cb4", "isDeleted:":"true", "version":"1725899102691"}}
{"logTime": "1221/123644", "correlationVector":"6kfGpUHpNFABuHfUpcxKEq.12","action":"GetUpdates Response", "result":"Success", "context":Received 127 update(s). cV=6kfGpUHpNFABuHfUpcxKEq.0;server=akswtt00300000n;cloudType=Consumer;environment=Prod_eastasia_prod-s01-034-apac-eastasia;migrationStage=NotStarted}
{"logTime": "1221/123644", "correlationVector":"kdSIDdrrrq7q2RJx8CF45T","action":"Normal GetUpdate request", "result":"", "context":cV=kdSIDdrrrq7q2RJx8CF45T
Nudged types: Bookmarks, Sessions
Refresh requested types: Bookmarks, Preferences, Passwords, Autofill Profiles, Autofill, Typed URLs, Extensions, Sessions, Extension settings, History Delete Directives, Device Info, User Consents, Send Tab To Self, Web Apps, Collection, Edge E Drop, Edge Hub App Usage, Edge Tab Group, Edge Wallet, Encryption Keys}
{"logTime": "1221/123645", "correlationVector":"kdSIDdrrrq7q2RJx8CF45T.1","action":"SyncServerConnectionManagerRequest", "result":"SYNC_SERVER_OK", "context":{"environment":"Prod_eastasia_prod-s01-034-apac-eastasia", "migrationStage":"NotStarted", "server":"akswtt003000033"}}
{"logTime": "1221/123645", "correlationVector":"kdSIDdrrrq7q2RJx8CF45T.2","action":"GetUpdates Response", "result":"Success", "context":Received 4 update(s). cV=kdSIDdrrrq7q2RJx8CF45T.0;server=akswtt003000033;cloudType=Consumer;environment=Prod_eastasia_prod-s01-034-apac-eastasia;migrationStage=NotStarted}
{"logTime": "1221/123645", "correlationVector":"6JhQue9WIYQDs4HdUDwo2E","action":"Commit Request", "result":"", "context":Item count: 3
Contributing types: Sessions}
{"logTime": "1221/123645", "correlationVector":"6JhQue9WIYQDs4HdUDwo2E.1","action":"SyncServerConnectionManagerRequest", "result":"SYNC_SERVER_OK", "context":{"environment":"Prod_eastasia_prod-s01-034-apac-eastasia", "migrationStage":"NotStarted", "server":"akswtt003000031"}}
{"logTime": "1221/123645", "correlationVector":"6JhQue9WIYQDs4HdUDwo2E.2","action":"Commit Response", "result":"Success", "context":Result: Success. cV=6JhQue9WIYQDs4HdUDwo2E.0;server=akswtt003000031;cloudType=Consumer;environment=Prod_eastasia_prod-s01-034-apac-eastasia;migrationStage=NotStarted}
{"logTime": "1221/123659", "correlationVector":"0vuTMTfhtYgcQYSd/xDYT2","action":"Commit Request", "result":"", "context":Item count: 3
Contributing types: Preferences, Sessions}
{"logTime": "1221/123700", "correlationVector":"0vuTMTfhtYgcQYSd/xDYT2.1","action":"SyncServerConnectionManagerRequest", "result":"SYNC_SERVER_OK", "context":{"environment":"Prod_eastasia_prod-s01-034-apac-eastasia", "migrationStage":"NotStarted", "server":"akswtt003000031"}}
{"logTime": "1221/123700", "correlationVector":"0vuTMTfhtYgcQYSd/xDYT2.2","action":"Commit Response", "result":"Success", "context":Result: Success. cV=0vuTMTfhtYgcQYSd/xDYT2.0;server=akswtt003000031;cloudType=Consumer;environment=Prod_eastasia_prod-s01-034-apac-eastasia;migrationStage=NotStarted}
{"logTime": "1221/123700", "correlationVector":"0vuTMTfhtYgcQYSd/xDYT2.3","action":"Commit.Sessions", "result":"Success", "context":{"id":"6fec1528-52b1-46d1-a83d-25caf4c9f29e", "isDeleted":"true", "size":"0", "version":"1734784629438"}}
{"logTime": "1221/124141", "correlationVector":"2EFSFVv/gD9wX4VtFRLoZ3","action":"Normal GetUpdate request", "result":"", "context":cV=2EFSFVv/gD9wX4VtFRLoZ3
Refresh requested types: Bookmarks, Preferences, Passwords, Autofill Profiles, Autofill, Typed URLs, Extensions, Sessions, Extension settings, History Delete Directives, Device Info, User Consents, Send Tab To Self, Web Apps, Collection, Edge E Drop, Edge Hub App Usage, Edge Tab Group, Edge Wallet, Encryption Keys}
{"logTime": "1221/124142", "correlationVector":"2EFSFVv/gD9wX4VtFRLoZ3.1","action":"SyncServerConnectionManagerRequest", "result":"SYNC_SERVER_OK", "context":{"environment":"Prod_eastasia_prod-s01-034-apac-eastasia", "migrationStage":"NotStarted", "server":"akswtt003000005"}}
{"logTime": "1221/124142", "correlationVector":"2EFSFVv/gD9wX4VtFRLoZ3.2","action":"GetUpdates", "result":"DeleteReceived", "context":{"id":"6fec1528-52b1-46d1-a83d-25caf4c9f29e", "isDeleted:":"true", "version":"1734784643955"}}
{"logTime": "1221/124142", "correlationVector":"2EFSFVv/gD9wX4VtFRLoZ3.3","action":"GetUpdates", "result":"DeleteReceived", "context":{"id":"94ccd5b6-dab5-4611-8137-8609e286f045", "isDeleted:":"true", "version":"1734784720159"}}
{"logTime": "1221/124142", "correlationVector":"2EFSFVv/gD9wX4VtFRLoZ3.4","action":"GetUpdates", "result":"DeleteReceived", "context":{"id":"1ebf6afd-d575-4f23-ae2f-22b663c8c266", "isDeleted:":"true", "version":"1734784720160"}}
{"logTime": "1221/124142", "correlationVector":"2EFSFVv/gD9wX4VtFRLoZ3.5","action":"GetUpdates Response", "result":"Success", "context":Received 10 update(s). cV=2EFSFVv/gD9wX4VtFRLoZ3.0;server=akswtt003000005;cloudType=Consumer;environment=Prod_eastasia_prod-s01-034-apac-eastasia;migrationStage=NotStarted}
{"logTime": "1221/124358", "correlationVector":"Vh7b5BRZVndnJVlsIchTTe","action":"Normal GetUpdate request", "result":"", "context":cV=Vh7b5BRZVndnJVlsIchTTe
Notified types: Bookmarks}
{"logTime": "1221/124358", "correlationVector":"Vh7b5BRZVndnJVlsIchTTe.1","action":"SyncServerConnectionManagerRequest", "result":"SYNC_SERVER_OK", "context":{"environment":"Prod_eastasia_prod-s01-034-apac-eastasia", "migrationStage":"NotStarted", "server":"akswtt00300000e"}}
{"logTime": "1221/124358", "correlationVector":"Vh7b5BRZVndnJVlsIchTTe.2","action":"GetUpdates Response", "result":"Success", "context":Received 2 update(s). cV=Vh7b5BRZVndnJVlsIchTTe.0;server=akswtt00300000e;cloudType=Consumer;environment=Prod_eastasia_prod-s01-034-apac-eastasia;migrationStage=NotStarted}
{"logTime": "1221/124401", "correlationVector":"RsaJsOyXUMWg54DiJMtWpB","action":"Normal GetUpdate request", "result":"", "context":cV=RsaJsOyXUMWg54DiJMtWpB
Notified types: Bookmarks}
{"logTime": "1221/124401", "correlationVector":"RsaJsOyXUMWg54DiJMtWpB.1","action":"SyncServerConnectionManagerRequest", "result":"SYNC_SERVER_OK", "context":{"environment":"Prod_eastasia_prod-s01-034-apac-eastasia", "migrationStage":"NotStarted", "server":"akswtt003000034"}}
{"logTime": "1221/124401", "correlationVector":"RsaJsOyXUMWg54DiJMtWpB.2","action":"GetUpdates Response", "result":"Success", "context":Received 2 update(s). cV=RsaJsOyXUMWg54DiJMtWpB.0;server=akswtt003000034;cloudType=Consumer;environment=Prod_eastasia_prod-s01-034-apac-eastasia;migrationStage=NotStarted}
{"logTime": "1221/124650", "correlationVector":"DLDJDjyrYVLH8400nkAvdB","action":"Normal GetUpdate request", "result":"", "context":cV=DLDJDjyrYVLH8400nkAvdB
Notified types: Preferences, Typed URLs}
{"logTime": "1221/124651", "correlationVector":"DLDJDjyrYVLH8400nkAvdB.1","action":"SyncServerConnectionManagerRequest", "result":"SYNC_SERVER_OK", "context":{"environment":"Prod_eastasia_prod-s01-034-apac-eastasia", "migrationStage":"NotStarted", "server":"akswtt003000005"}}
{"logTime": "1221/124651", "correlationVector":"DLDJDjyrYVLH8400nkAvdB.2","action":"GetUpdates Response", "result":"Success", "context":Received 6 update(s). cV=DLDJDjyrYVLH8400nkAvdB.0;server=akswtt003000005;cloudType=Consumer;environment=Prod_eastasia_prod-s01-034-apac-eastasia;migrationStage=NotStarted}
{"logTime": "1221/124748", "correlationVector":"2cC3FeQSBh5cymHLHA2PV2","action":"Commit Request", "result":"", "context":Item count: 1
Contributing types: Sessions}
{"logTime": "1221/124748", "correlationVector":"2cC3FeQSBh5cymHLHA2PV2.1","action":"SyncServerConnectionManagerRequest", "result":"SYNC_SERVER_OK", "context":{"environment":"Prod_eastasia_prod-s01-034-apac-eastasia", "migrationStage":"NotStarted", "server":"akswtt00300001j"}}
{"logTime": "1221/124748", "correlationVector":"2cC3FeQSBh5cymHLHA2PV2.2","action":"Commit Response", "result":"Success", "context":Result: Success. cV=2cC3FeQSBh5cymHLHA2PV2.0;server=akswtt00300001j;cloudType=Consumer;environment=Prod_eastasia_prod-s01-034-apac-eastasia;migrationStage=NotStarted}
{"logTime": "1221/125541", "correlationVector":"a446ux9Ybx23uwUQcf7uO0","action":"Normal GetUpdate request", "result":"", "context":cV=a446ux9Ybx23uwUQcf7uO0
Notified types: Typed URLs}
{"logTime": "1221/125542", "correlationVector":"a446ux9Ybx23uwUQcf7uO0.1","action":"SyncServerConnectionManagerRequest", "result":"SYNC_SERVER_OK", "context":{"environment":"Prod_eastasia_prod-s01-034-apac-eastasia", "migrationStage":"NotStarted", "server":"akswtt00300002q"}}
{"logTime": "1221/125542", "correlationVector":"a446ux9Ybx23uwUQcf7uO0.2","action":"GetUpdates", "result":"DeleteReceived", "context":{"id":"4402667b-abad-48f6-9cfb-1ee1d6ad09e0", "isDeleted:":"true", "version":"1734785648835"}}
{"logTime": "1221/125542", "correlationVector":"a446ux9Ybx23uwUQcf7uO0.3","action":"GetUpdates", "result":"DeleteReceived", "context":{"id":"0476f3d2-adb9-4358-bd52-9e5e0fd7b76f", "isDeleted:":"true", "version":"1734785699337"}}
{"logTime": "1221/125542", "correlationVector":"a446ux9Ybx23uwUQcf7uO0.4","action":"GetUpdates Response", "result":"Success", "context":Received 10 update(s). cV=a446ux9Ybx23uwUQcf7uO0.0;server=akswtt00300002q;cloudType=Consumer;environment=Prod_eastasia_prod-s01-034-apac-eastasia;migrationStage=NotStarted}
{"logTime": "1221/125814", "correlationVector":"c2wwsUu2JhHIju1ZT/shak","action":"Commit Request", "result":"", "context":Item count: 1
Contributing types: Sessions}
{"logTime": "1221/125815", "correlationVector":"c2wwsUu2JhHIju1ZT/shak.1","action":"SyncServerConnectionManagerRequest", "result":"SYNC_SERVER_OK", "context":{"environment":"Prod_eastasia_prod-s01-034-apac-eastasia", "migrationStage":"NotStarted", "server":"akswtt003000024"}}
{"logTime": "1221/125815", "correlationVector":"c2wwsUu2JhHIju1ZT/shak.2","action":"Commit Response", "result":"Success", "context":Result: Success. cV=c2wwsUu2JhHIju1ZT/shak.0;server=akswtt003000024;cloudType=Consumer;environment=Prod_eastasia_prod-s01-034-apac-eastasia;migrationStage=NotStarted}
{"logTime": "1221/125916", "correlationVector":"IvwcbuD5KxrvgHFJQe1Edn","action":"Commit Request", "result":"", "context":Item count: 1
Contributing types: Sessions}
{"logTime": "1221/125917", "correlationVector":"IvwcbuD5KxrvgHFJQe1Edn.1","action":"SyncServerConnectionManagerRequest", "result":"SYNC_SERVER_OK", "context":{"environment":"Prod_eastasia_prod-s01-034-apac-eastasia", "migrationStage":"NotStarted", "server":"akswtt00300000u"}}
{"logTime": "1221/125917", "correlationVector":"IvwcbuD5KxrvgHFJQe1Edn.2","action":"Commit Response", "result":"Success", "context":Result: Success. cV=IvwcbuD5KxrvgHFJQe1Edn.0;server=akswtt00300000u;cloudType=Consumer;environment=Prod_eastasia_prod-s01-034-apac-eastasia;migrationStage=NotStarted}
{"logTime": "1221/130037", "correlationVector":"p3TcE+xqoy7ImIwi8GBN1P","action":"Normal GetUpdate request", "result":"", "context":cV=p3TcE+xqoy7ImIwi8GBN1P
Notified types: Preferences, Typed URLs}
{"logTime": "1221/130038", "correlationVector":"p3TcE+xqoy7ImIwi8GBN1P.1","action":"SyncServerConnectionManagerRequest", "result":"SYNC_SERVER_OK", "context":{"environment":"Prod_eastasia_prod-s01-034-apac-eastasia", "migrationStage":"NotStarted", "server":"akswtt003000024"}}
{"logTime": "1221/130038", "correlationVector":"p3TcE+xqoy7ImIwi8GBN1P.2","action":"GetUpdates Response", "result":"Success", "context":Received 9 update(s). cV=p3TcE+xqoy7ImIwi8GBN1P.0;server=akswtt003000024;cloudType=Consumer;environment=Prod_eastasia_prod-s01-034-apac-eastasia;migrationStage=NotStarted}
{"logTime": "1221/130050", "correlationVector":"9og8rjfquULjCnMCdZzbGS","action":"Normal GetUpdate request", "result":"", "context":cV=9og8rjfquULjCnMCdZzbGS
Notified types: Passwords}
{"logTime": "1221/130050", "correlationVector":"9og8rjfquULjCnMCdZzbGS.1","action":"SyncServerConnectionManagerRequest", "result":"SYNC_SERVER_OK", "context":{"environment":"Prod_eastasia_prod-s01-034-apac-eastasia", "migrationStage":"NotStarted", "server":"akswtt00300002t"}}
{"logTime": "1221/130050", "correlationVector":"9og8rjfquULjCnMCdZzbGS.2","action":"GetUpdates Response", "result":"Success", "context":Received 2 update(s). cV=9og8rjfquULjCnMCdZzbGS.0;server=akswtt00300002t;cloudType=Consumer;environment=Prod_eastasia_prod-s01-034-apac-eastasia;migrationStage=NotStarted}
{"logTime": "1221/130052", "correlationVector":"MQS26ividDkZgweuXoK108","action":"Commit Request", "result":"", "context":Item count: 1
Contributing types: Preferences}
{"logTime": "1221/130053", "correlationVector":"MQS26ividDkZgweuXoK108.1","action":"SyncServerConnectionManagerRequest", "result":"SYNC_SERVER_OK", "context":{"environment":"Prod_eastasia_prod-s01-034-apac-eastasia", "migrationStage":"NotStarted", "server":"akswtt003000024"}}
{"logTime": "1221/130053", "correlationVector":"MQS26ividDkZgweuXoK108.2","action":"Commit Response", "result":"Success", "context":Result: Success. cV=MQS26ividDkZgweuXoK108.0;server=akswtt003000024;cloudType=Consumer;environment=Prod_eastasia_prod-s01-034-apac-eastasia;migrationStage=NotStarted}
{"logTime": "1221/130053", "correlationVector":"MQS26ividDkZgweuXoK108.3","action":"Commit.Preferences", "result":"Conflict", "context":{"id":"05ca1655-7983-4619-83aa-86da2cdb9e5c", "isDeleted":"false", "size":"68", "version":"1734784643954"}}
{"logTime": "1221/130054", "correlationVector":"XDMGLLcJf3aeeHsAKoLvYm","action":"Normal GetUpdate request", "result":"", "context":cV=XDMGLLcJf3aeeHsAKoLvYm
Nudged types: Preferences}
{"logTime": "1221/130055", "correlationVector":"XDMGLLcJf3aeeHsAKoLvYm.1","action":"SyncServerConnectionManagerRequest", "result":"SYNC_SERVER_OK", "context":{"environment":"Prod_eastasia_prod-s01-034-apac-eastasia", "migrationStage":"NotStarted", "server":"akswtt00300000k"}}
{"logTime": "1221/130055", "correlationVector":"XDMGLLcJf3aeeHsAKoLvYm.2","action":"GetUpdates Response", "result":"Success", "context":Received 1 update(s). cV=XDMGLLcJf3aeeHsAKoLvYm.0;server=akswtt00300000k;cloudType=Consumer;environment=Prod_eastasia_prod-s01-034-apac-eastasia;migrationStage=NotStarted}
{"logTime": "1221/130131", "correlationVector":"KITCZGINHW9lA1yMIB2BXy","action":"Commit Request", "result":"", "context":Item count: 1
Contributing types: Sessions}
{"logTime": "1221/130131", "correlationVector":"KITCZGINHW9lA1yMIB2BXy.1","action":"SyncServerConnectionManagerRequest", "result":"SYNC_SERVER_OK", "context":{"environment":"Prod_eastasia_prod-s01-034-apac-eastasia", "migrationStage":"NotStarted", "server":"akswtt00300005r"}}
{"logTime": "1221/130131", "correlationVector":"KITCZGINHW9lA1yMIB2BXy.2","action":"Commit Response", "result":"Success", "context":Result: Success. cV=KITCZGINHW9lA1yMIB2BXy.0;server=akswtt00300005r;cloudType=Consumer;environment=Prod_eastasia_prod-s01-034-apac-eastasia;migrationStage=NotStarted}
{"logTime": "1221/130830", "correlationVector":"R23h9TswqWgx3Cw2F9hpPs","action":"Commit Request", "result":"", "context":Item count: 1
Contributing types: Sessions}
{"logTime": "1221/130830", "correlationVector":"R23h9TswqWgx3Cw2F9hpPs.1","action":"SyncServerConnectionManagerRequest", "result":"SYNC_SERVER_OK", "context":{"environment":"Prod_eastasia_prod-s01-034-apac-eastasia", "migrationStage":"NotStarted", "server":"akswtt003000021"}}
{"logTime": "1221/130830", "correlationVector":"R23h9TswqWgx3Cw2F9hpPs.2","action":"Commit Response", "result":"Success", "context":Result: Success. cV=R23h9TswqWgx3Cw2F9hpPs.0;server=akswtt003000021;cloudType=Consumer;environment=Prod_eastasia_prod-s01-034-apac-eastasia;migrationStage=NotStarted}
{"logTime": "1221/131147", "correlationVector":"WTCPFD+hcPLkckw3BO4bqg","action":"Commit Request", "result":"", "context":Item count: 1
Contributing types: Sessions}
{"logTime": "1221/131148", "correlationVector":"WTCPFD+hcPLkckw3BO4bqg.1","action":"SyncServerConnectionManagerRequest", "result":"SYNC_SERVER_OK", "context":{"environment":"Prod_eastasia_prod-s01-034-apac-eastasia", "migrationStage":"NotStarted", "server":"akswtt003000032"}}
{"logTime": "1221/131148", "correlationVector":"WTCPFD+hcPLkckw3BO4bqg.2","action":"Commit Response", "result":"Success", "context":Result: Success. cV=WTCPFD+hcPLkckw3BO4bqg.0;server=akswtt003000032;cloudType=Consumer;environment=Prod_eastasia_prod-s01-034-apac-eastasia;migrationStage=NotStarted}
{"logTime": "1221/131515", "correlationVector":"H+H+Gkl692ImUyJKKRVMfM","action":"Commit Request", "result":"", "context":Item count: 1
Contributing types: Sessions}
{"logTime": "1221/131515", "correlationVector":"H+H+Gkl692ImUyJKKRVMfM.1","action":"SyncServerConnectionManagerRequest", "result":"SYNC_SERVER_OK", "context":{"environment":"Prod_eastasia_prod-s01-034-apac-eastasia", "migrationStage":"NotStarted", "server":"akswtt003000008"}}
{"logTime": "1221/131515", "correlationVector":"H+H+Gkl692ImUyJKKRVMfM.2","action":"Commit Response", "result":"Success", "context":Result: Success. cV=H+H+Gkl692ImUyJKKRVMfM.0;server=akswtt003000008;cloudType=Consumer;environment=Prod_eastasia_prod-s01-034-apac-eastasia;migrationStage=NotStarted}
{"logTime": "1221/131527", "correlationVector":"x01k0ESI7yg4RwSfsYP1+U","action":"Normal GetUpdate request", "result":"", "context":cV=x01k0ESI7yg4RwSfsYP1+U
Notified types: Typed URLs}
{"logTime": "1221/131527", "correlationVector":"x01k0ESI7yg4RwSfsYP1+U.1","action":"SyncServerConnectionManagerRequest", "result":"SYNC_SERVER_OK", "context":{"environment":"Prod_eastasia_prod-s01-034-apac-eastasia", "migrationStage":"NotStarted", "server":"akswtt00300001q"}}
{"logTime": "1221/131527", "correlationVector":"x01k0ESI7yg4RwSfsYP1+U.2","action":"GetUpdates", "result":"DeleteReceived", "context":{"id":"093f900e-9a0e-4736-a741-3570553bcea2", "isDeleted:":"true", "version":"1734786464862"}}
{"logTime": "1221/131527", "correlationVector":"x01k0ESI7yg4RwSfsYP1+U.3","action":"GetUpdates", "result":"DeleteReceived", "context":{"id":"9b344495-f853-47a9-8124-415fe833261e", "isDeleted:":"true", "version":"1734786662293"}}
{"logTime": "1221/131527", "correlationVector":"x01k0ESI7yg4RwSfsYP1+U.4","action":"GetUpdates", "result":"DeleteReceived", "context":{"id":"12f06999-9890-4548-87bc-17d5e745bc3a", "isDeleted:":"true", "version":"1734786662294"}}
{"logTime": "1221/131527", "correlationVector":"x01k0ESI7yg4RwSfsYP1+U.5","action":"GetUpdates Response", "result":"Success", "context":Received 14 update(s). cV=x01k0ESI7yg4RwSfsYP1+U.0;server=akswtt00300001q;cloudType=Consumer;environment=Prod_eastasia_prod-s01-034-apac-eastasia;migrationStage=NotStarted}
{"logTime": "1221/131719", "correlationVector":"SqfLY4IWiyi5d9R9eCzgOq","action":"Commit Request", "result":"", "context":Item count: 1
Contributing types: Sessions}
{"logTime": "1221/131719", "correlationVector":"SqfLY4IWiyi5d9R9eCzgOq.1","action":"SyncServerConnectionManagerRequest", "result":"SYNC_SERVER_OK", "context":{"environment":"Prod_eastasia_prod-s01-034-apac-eastasia", "migrationStage":"NotStarted", "server":"akswtt00300001q"}}
{"logTime": "1221/131719", "correlationVector":"SqfLY4IWiyi5d9R9eCzgOq.2","action":"Commit Response", "result":"Success", "context":Result: Success. cV=SqfLY4IWiyi5d9R9eCzgOq.0;server=akswtt00300001q;cloudType=Consumer;environment=Prod_eastasia_prod-s01-034-apac-eastasia;migrationStage=NotStarted}
{"logTime": "1221/131909", "correlationVector":"+QE7UYValpXbTVV9EVB0Sf","action":"Commit Request", "result":"", "context":Item count: 1
Contributing types: Sessions}
{"logTime": "1221/131909", "correlationVector":"+QE7UYValpXbTVV9EVB0Sf.1","action":"SyncServerConnectionManagerRequest", "result":"SYNC_SERVER_OK", "context":{"environment":"Prod_eastasia_prod-s01-034-apac-eastasia", "migrationStage":"NotStarted", "server":"akswtt003000008"}}
{"logTime": "1221/131909", "correlationVector":"+QE7UYValpXbTVV9EVB0Sf.2","action":"Commit Response", "result":"Success", "context":Result: Success. cV=+QE7UYValpXbTVV9EVB0Sf.0;server=akswtt003000008;cloudType=Consumer;environment=Prod_eastasia_prod-s01-034-apac-eastasia;migrationStage=NotStarted}
{"logTime": "1221/132354", "correlationVector":"RNZRG2taWdjYNiEQMNcnhV.1","action":"SyncServerConnectionManagerRequest", "result":"SYNC_SERVER_OK", "context":{"environment":"Prod_eastasia_prod-s01-034-apac-eastasia", "migrationStage":"NotStarted", "server":"akswtt00300001k"}}
{"logTime": "1221/132355", "correlationVector":"DPD83pGkgZw6KesS/lVLC/","action":"SyncServerConnectionManagerRequest", "result":"SYNC_SERVER_OK", "context":{"environment":"", "migrationStage":"", "server":""}}
{"logTime": "1221/132355", "correlationVector":"RNZRG2taWdjYNiEQMNcnhV","action":"Initial GetUpdates", "result":"", "context":Reason: NEW_CLIENT. cV=RNZRG2taWdjYNiEQMNcnhV}
{"logTime": "1221/132355", "correlationVector":"RNZRG2taWdjYNiEQMNcnhV.2","action":"GetUpdates Response", "result":"Success", "context":Received 1 update(s). cV=RNZRG2taWdjYNiEQMNcnhV.0;server=akswtt00300001k;cloudType=Consumer;environment=Prod_eastasia_prod-s01-034-apac-eastasia;migrationStage=NotStarted}
{"logTime": "1221/132355", "correlationVector":"SzaX+QUyEO4zUQ5K2nWVem","action":"Initial GetUpdates", "result":"", "context":Reason: NEWLY_SUPPORTED_DATATYPE. cV=SzaX+QUyEO4zUQ5K2nWVem}
{"logTime": "1221/132355", "correlationVector":"SzaX+QUyEO4zUQ5K2nWVem.1","action":"SyncServerConnectionManagerRequest", "result":"SYNC_SERVER_OK", "context":{"environment":"Prod_eastasia_prod-s01-034-apac-eastasia", "migrationStage":"NotStarted", "server":"akswtt003000026"}}
{"logTime": "1221/132355", "correlationVector":"SzaX+QUyEO4zUQ5K2nWVem.2","action":"GetUpdates", "result":"DeleteReceived", "context":{"id":"14df038a-523d-4858-9f2a-ef65c1a53ea5", "isDeleted:":"true", "version":"1708239150426"}}
{"logTime": "1221/132355", "correlationVector":"SzaX+QUyEO4zUQ5K2nWVem.3","action":"GetUpdates", "result":"DeleteReceived", "context":{"id":"5361cec9-43b5-4dbd-bd77-0c6532400454", "isDeleted:":"true", "version":"1708242616571"}}
{"logTime": "1221/132355", "correlationVector":"SzaX+QUyEO4zUQ5K2nWVem.4","action":"GetUpdates", "result":"DeleteReceived", "context":{"id":"18a3fd0f-c462-467f-844c-0d06278af882", "isDeleted:":"true", "version":"1710683053628"}}
{"logTime": "1221/132355", "correlationVector":"SzaX+QUyEO4zUQ5K2nWVem.5","action":"GetUpdates", "result":"DeleteReceived", "context":{"id":"3fed3669-808d-4ca6-8e5e-71db69267668", "isDeleted:":"true", "version":"1711596929970"}}
{"logTime": "1221/132355", "correlationVector":"SzaX+QUyEO4zUQ5K2nWVem.6","action":"GetUpdates", "result":"DeleteReceived", "context":{"id":"4b062166-af56-4796-ab91-1f7cf1eb2dea", "isDeleted:":"true", "version":"1714401369883"}}
{"logTime": "1221/132355", "correlationVector":"SzaX+QUyEO4zUQ5K2nWVem.7","action":"GetUpdates", "result":"DeleteReceived", "context":{"id":"2d4500d6-f9b9-4da3-ae91-6ba11b259f30", "isDeleted:":"true", "version":"1715050498884"}}
{"logTime": "1221/132355", "correlationVector":"SzaX+QUyEO4zUQ5K2nWVem.8","action":"GetUpdates", "result":"DeleteReceived", "context":{"id":"5b0add5b-1b87-44ad-b36f-f0b68642597a", "isDeleted:":"true", "version":"1723439863709"}}
{"logTime": "1221/132355", "correlationVector":"SzaX+QUyEO4zUQ5K2nWVem.9","action":"GetUpdates", "result":"DeleteReceived", "context":{"id":"960f0e3e-bab3-4657-9b67-d6e1a504ac1f", "isDeleted:":"true", "version":"1723808148788"}}
{"logTime": "1221/132355", "correlationVector":"SzaX+QUyEO4zUQ5K2nWVem.10","action":"GetUpdates", "result":"DeleteReceived", "context":{"id":"81340e03-d344-4fda-bbad-1a0aaa5c1084", "isDeleted:":"true", "version":"1724077142055"}}
{"logTime": "1221/132355", "correlationVector":"SzaX+QUyEO4zUQ5K2nWVem.11","action":"GetUpdates", "result":"DeleteReceived", "context":{"id":"97d06ec3-9601-46d7-b071-3c411b9c9cb4", "isDeleted:":"true", "version":"1725899102691"}}
{"logTime": "1221/132355", "correlationVector":"SzaX+QUyEO4zUQ5K2nWVem.12","action":"GetUpdates Response", "result":"Success", "context":Received 127 update(s). cV=SzaX+QUyEO4zUQ5K2nWVem.0;server=akswtt003000026;cloudType=Consumer;environment=Prod_eastasia_prod-s01-034-apac-eastasia;migrationStage=NotStarted}
{"logTime": "1221/132356", "correlationVector":"iJ8knaCfo06s5YBq6Hl6bx","action":"Normal GetUpdate request", "result":"", "context":cV=iJ8knaCfo06s5YBq6Hl6bx
Nudged types: Sessions
Refresh requested types: Bookmarks, Preferences, Passwords, Autofill Profiles, Autofill, Typed URLs, Extensions, Sessions, Extension settings, History Delete Directives, Device Info, User Consents, Send Tab To Self, Web Apps, Collection, Edge E Drop, Edge Hub App Usage, Edge Tab Group, Edge Wallet, Encryption Keys}
{"logTime": "1221/132357", "correlationVector":"iJ8knaCfo06s5YBq6Hl6bx.1","action":"SyncServerConnectionManagerRequest", "result":"SYNC_SERVER_OK", "context":{"environment":"Prod_eastasia_prod-s01-034-apac-eastasia", "migrationStage":"NotStarted", "server":"akswtt00300000z"}}
{"logTime": "1221/132357", "correlationVector":"iJ8knaCfo06s5YBq6Hl6bx.2","action":"GetUpdates Response", "result":"Success", "context":Received 6 update(s). cV=iJ8knaCfo06s5YBq6Hl6bx.0;server=akswtt00300000z;cloudType=Consumer;environment=Prod_eastasia_prod-s01-034-apac-eastasia;migrationStage=NotStarted}
{"logTime": "1221/132357", "correlationVector":"o4l/srwHmtdeaurl6g5mAk","action":"Commit Request", "result":"", "context":Item count: 3
Contributing types: Sessions}
{"logTime": "1221/132357", "correlationVector":"o4l/srwHmtdeaurl6g5mAk.1","action":"SyncServerConnectionManagerRequest", "result":"SYNC_SERVER_OK", "context":{"environment":"Prod_eastasia_prod-s01-034-apac-eastasia", "migrationStage":"NotStarted", "server":"akswtt003000005"}}
{"logTime": "1221/132357", "correlationVector":"o4l/srwHmtdeaurl6g5mAk.2","action":"Commit Response", "result":"Success", "context":Result: Success. cV=o4l/srwHmtdeaurl6g5mAk.0;server=akswtt003000005;cloudType=Consumer;environment=Prod_eastasia_prod-s01-034-apac-eastasia;migrationStage=NotStarted}
{"logTime": "1221/132410", "correlationVector":"CMjnu+1NaNZvcXAQN+6CUc","action":"Commit Request", "result":"", "context":Item count: 3
Contributing types: Preferences, Sessions}
{"logTime": "1221/132411", "correlationVector":"CMjnu+1NaNZvcXAQN+6CUc.1","action":"SyncServerConnectionManagerRequest", "result":"SYNC_SERVER_OK", "context":{"environment":"Prod_eastasia_prod-s01-034-apac-eastasia", "migrationStage":"NotStarted", "server":"akswtt00300000y"}}
{"logTime": "1221/132411", "correlationVector":"CMjnu+1NaNZvcXAQN+6CUc.3","action":"Commit.Sessions", "result":"Success", "context":{"id":"e448d65a-aeb8-47a8-8cc6-4e55688fa20b", "isDeleted":"true", "size":"0", "version":"1734787461233"}}
{"logTime": "1221/132411", "correlationVector":"CMjnu+1NaNZvcXAQN+6CUc.2","action":"Commit Response", "result":"Success", "context":Result: Success. cV=CMjnu+1NaNZvcXAQN+6CUc.0;server=akswtt00300000y;cloudType=Consumer;environment=Prod_eastasia_prod-s01-034-apac-eastasia;migrationStage=NotStarted}
{"logTime": "1221/132441", "correlationVector":"kxYxZjPqdWrIgUz57f++Wz","action":"Commit Request", "result":"", "context":Item count: 1
Contributing types: Sessions}
{"logTime": "1221/132442", "correlationVector":"kxYxZjPqdWrIgUz57f++Wz.1","action":"SyncServerConnectionManagerRequest", "result":"SYNC_SERVER_OK", "context":{"environment":"Prod_eastasia_prod-s01-034-apac-eastasia", "migrationStage":"NotStarted", "server":"akswtt00300005q"}}
{"logTime": "1221/132442", "correlationVector":"kxYxZjPqdWrIgUz57f++Wz.2","action":"Commit Response", "result":"Success", "context":Result: Success. cV=kxYxZjPqdWrIgUz57f++Wz.0;server=akswtt00300005q;cloudType=Consumer;environment=Prod_eastasia_prod-s01-034-apac-eastasia;migrationStage=NotStarted}
{"logTime": "1221/132634", "correlationVector":"oAmDgQZ532wK8aDG2VL+cV","action":"Commit Request", "result":"", "context":Item count: 1
Contributing types: Sessions}
{"logTime": "1221/132635", "correlationVector":"oAmDgQZ532wK8aDG2VL+cV.1","action":"SyncServerConnectionManagerRequest", "result":"SYNC_SERVER_OK", "context":{"environment":"Prod_eastasia_prod-s01-034-apac-eastasia", "migrationStage":"NotStarted", "server":"akswtt00300000b"}}
{"logTime": "1221/132635", "correlationVector":"oAmDgQZ532wK8aDG2VL+cV.2","action":"Commit Response", "result":"Success", "context":Result: Success. cV=oAmDgQZ532wK8aDG2VL+cV.0;server=akswtt00300000b;cloudType=Consumer;environment=Prod_eastasia_prod-s01-034-apac-eastasia;migrationStage=NotStarted}
{"logTime": "1221/132658", "correlationVector":"4W1qHDpNqUVXmBpmujgDUT","action":"Normal GetUpdate request", "result":"", "context":cV=4W1qHDpNqUVXmBpmujgDUT
Notified types: Typed URLs}
{"logTime": "1221/132658", "correlationVector":"4W1qHDpNqUVXmBpmujgDUT.1","action":"SyncServerConnectionManagerRequest", "result":"SYNC_SERVER_OK", "context":{"environment":"Prod_eastasia_prod-s01-034-apac-eastasia", "migrationStage":"NotStarted", "server":"akswtt00300001n"}}
{"logTime": "1221/132658", "correlationVector":"4W1qHDpNqUVXmBpmujgDUT.2","action":"GetUpdates", "result":"DeleteReceived", "context":{"id":"e448d65a-aeb8-47a8-8cc6-4e55688fa20b", "isDeleted:":"true", "version":"1734787475271"}}
{"logTime": "1221/132658", "correlationVector":"4W1qHDpNqUVXmBpmujgDUT.3","action":"GetUpdates Response", "result":"Success", "context":Received 8 update(s). cV=4W1qHDpNqUVXmBpmujgDUT.0;server=akswtt00300001n;cloudType=Consumer;environment=Prod_eastasia_prod-s01-034-apac-eastasia;migrationStage=NotStarted}
{"logTime": "1221/132700", "correlationVector":"Yu3MCFNkJDp7ekW2MEvHx6","action":"Normal GetUpdate request", "result":"", "context":cV=Yu3MCFNkJDp7ekW2MEvHx6
Notified types: Typed URLs}
{"logTime": "1221/132700", "correlationVector":"Yu3MCFNkJDp7ekW2MEvHx6.1","action":"SyncServerConnectionManagerRequest", "result":"SYNC_SERVER_OK", "context":{"environment":"Prod_eastasia_prod-s01-034-apac-eastasia", "migrationStage":"NotStarted", "server":"akswtt00300001x"}}
{"logTime": "1221/132700", "correlationVector":"Yu3MCFNkJDp7ekW2MEvHx6.2","action":"GetUpdates Response", "result":"Success", "context":Received 4 update(s). cV=Yu3MCFNkJDp7ekW2MEvHx6.0;server=akswtt00300001x;cloudType=Consumer;environment=Prod_eastasia_prod-s01-034-apac-eastasia;migrationStage=NotStarted}
{"logTime": "1221/132833", "correlationVector":"+Doc8UR3+PrpILjGtt4MpO","action":"Normal GetUpdate request", "result":"", "context":cV=+Doc8UR3+PrpILjGtt4MpO
Notified types: Typed URLs}
{"logTime": "1221/132834", "correlationVector":"+Doc8UR3+PrpILjGtt4MpO.1","action":"SyncServerConnectionManagerRequest", "result":"SYNC_SERVER_OK", "context":{"environment":"Prod_eastasia_prod-s01-034-apac-eastasia", "migrationStage":"NotStarted", "server":"akswtt00300001n"}}
{"logTime": "1221/132834", "correlationVector":"+Doc8UR3+PrpILjGtt4MpO.2","action":"GetUpdates Response", "result":"Success", "context":Received 7 update(s). cV=+Doc8UR3+PrpILjGtt4MpO.0;server=akswtt00300001n;cloudType=Consumer;environment=Prod_eastasia_prod-s01-034-apac-eastasia;migrationStage=NotStarted}
{"logTime": "1221/132854", "correlationVector":"exMz+EcNCfZGZdtOU3XdHa","action":"Normal GetUpdate request", "result":"", "context":cV=exMz+EcNCfZGZdtOU3XdHa
Refresh requested types: Bookmarks, Preferences, Passwords, Autofill Profiles, Autofill, Typed URLs, Extensions, Sessions, Extension settings, History Delete Directives, Device Info, User Consents, Send Tab To Self, Web Apps, Collection, Edge E Drop, Edge Hub App Usage, Edge Tab Group, Edge Wallet, Encryption Keys}
{"logTime": "1221/132854", "correlationVector":"exMz+EcNCfZGZdtOU3XdHa.1","action":"SyncServerConnectionManagerRequest", "result":"SYNC_SERVER_OK", "context":{"environment":"Prod_eastasia_prod-s01-034-apac-eastasia", "migrationStage":"NotStarted", "server":"akswtt00300000c"}}
{"logTime": "1221/132854", "correlationVector":"exMz+EcNCfZGZdtOU3XdHa.2","action":"GetUpdates Response", "result":"Success", "context":Received 0 update(s). cV=exMz+EcNCfZGZdtOU3XdHa.0;server=akswtt00300000c;cloudType=Consumer;environment=Prod_eastasia_prod-s01-034-apac-eastasia;migrationStage=NotStarted}
{"logTime": "1221/132907", "correlationVector":"PaAp4lKP1SjZyB64VXx0GU","action":"Normal GetUpdate request", "result":"", "context":cV=PaAp4lKP1SjZyB64VXx0GU
Notified types: Typed URLs}
{"logTime": "1221/132907", "correlationVector":"PaAp4lKP1SjZyB64VXx0GU.1","action":"SyncServerConnectionManagerRequest", "result":"SYNC_SERVER_OK", "context":{"environment":"Prod_eastasia_prod-s01-034-apac-eastasia", "migrationStage":"NotStarted", "server":"akswtt003000010"}}
{"logTime": "1221/132907", "correlationVector":"PaAp4lKP1SjZyB64VXx0GU.2","action":"GetUpdates", "result":"DeleteReceived", "context":{"id":"e6e2ea48-4930-496f-94ac-b1cadf9397a6", "isDeleted:":"true", "version":"1734787770478"}}
{"logTime": "1221/132907", "correlationVector":"PaAp4lKP1SjZyB64VXx0GU.3","action":"GetUpdates", "result":"DeleteReceived", "context":{"id":"9dc4908a-7f2a-493b-9006-a4e4f1548c24", "isDeleted:":"true", "version":"1734787770480"}}
{"logTime": "1221/132907", "correlationVector":"PaAp4lKP1SjZyB64VXx0GU.4","action":"GetUpdates Response", "result":"Success", "context":Received 6 update(s). cV=PaAp4lKP1SjZyB64VXx0GU.0;server=akswtt003000010;cloudType=Consumer;environment=Prod_eastasia_prod-s01-034-apac-eastasia;migrationStage=NotStarted}
{"logTime": "1221/132941", "correlationVector":"/VCMIHAkVDYVecS6yoRw5S","action":"Normal GetUpdate request", "result":"", "context":cV=/VCMIHAkVDYVecS6yoRw5S
Nudged types: Sessions
Notified types: Preferences}
{"logTime": "1221/132941", "correlationVector":"/VCMIHAkVDYVecS6yoRw5S.1","action":"SyncServerConnectionManagerRequest", "result":"SYNC_SERVER_OK", "context":{"environment":"Prod_eastasia_prod-s01-034-apac-eastasia", "migrationStage":"NotStarted", "server":"akswtt00300000c"}}
{"logTime": "1221/132941", "correlationVector":"/VCMIHAkVDYVecS6yoRw5S.2","action":"GetUpdates Response", "result":"Success", "context":Received 5 update(s). cV=/VCMIHAkVDYVecS6yoRw5S.0;server=akswtt00300000c;cloudType=Consumer;environment=Prod_eastasia_prod-s01-034-apac-eastasia;migrationStage=NotStarted}
{"logTime": "1221/132942", "correlationVector":"vtWUIjvFCz+XGT4S/V5eGU","action":"Commit Request", "result":"", "context":Item count: 1
Contributing types: Sessions}
{"logTime": "1221/132942", "correlationVector":"vtWUIjvFCz+XGT4S/V5eGU.1","action":"SyncServerConnectionManagerRequest", "result":"SYNC_SERVER_OK", "context":{"environment":"Prod_eastasia_prod-s01-034-apac-eastasia", "migrationStage":"NotStarted", "server":"akswtt00300000y"}}
{"logTime": "1221/132942", "correlationVector":"vtWUIjvFCz+XGT4S/V5eGU.2","action":"Commit Response", "result":"Success", "context":Result: Success. cV=vtWUIjvFCz+XGT4S/V5eGU.0;server=akswtt00300000y;cloudType=Consumer;environment=Prod_eastasia_prod-s01-034-apac-eastasia;migrationStage=NotStarted}
{"logTime": "1221/133504", "correlationVector":"Z1ehciLN25fUgLwUGHZREX","action":"Commit Request", "result":"", "context":Item count: 1
Contributing types: Sessions}
{"logTime": "1221/133504", "correlationVector":"Z1ehciLN25fUgLwUGHZREX.1","action":"SyncServerConnectionManagerRequest", "result":"SYNC_SERVER_OK", "context":{"environment":"Prod_eastasia_prod-s01-034-apac-eastasia", "migrationStage":"NotStarted", "server":"akswtt00300000e"}}
{"logTime": "1221/133504", "correlationVector":"Z1ehciLN25fUgLwUGHZREX.2","action":"Commit Response", "result":"Success", "context":Result: Success. cV=Z1ehciLN25fUgLwUGHZREX.0;server=akswtt00300000e;cloudType=Consumer;environment=Prod_eastasia_prod-s01-034-apac-eastasia;migrationStage=NotStarted}
{"logTime": "1221/133915", "correlationVector":"oWYDedXLAzDamZiO4gNWdl","action":"Commit Request", "result":"", "context":Item count: 1
Contributing types: Sessions}
{"logTime": "1221/133915", "correlationVector":"oWYDedXLAzDamZiO4gNWdl.1","action":"SyncServerConnectionManagerRequest", "result":"SYNC_SERVER_OK", "context":{"environment":"Prod_eastasia_prod-s01-034-apac-eastasia", "migrationStage":"NotStarted", "server":"akswtt00300002o"}}
{"logTime": "1221/133915", "correlationVector":"oWYDedXLAzDamZiO4gNWdl.2","action":"Commit Response", "result":"Success", "context":Result: Success. cV=oWYDedXLAzDamZiO4gNWdl.0;server=akswtt00300002o;cloudType=Consumer;environment=Prod_eastasia_prod-s01-034-apac-eastasia;migrationStage=NotStarted}
